2026-08-30 15:07:32.757 [main] INFO  org.apache.maven.surefire.booter.ForkedBooter - Starting ForkedBooter v3.5.4 using Java 17.0.20.1 with PID 24016 (started by DELL in C:\Users\DELL\Desktop\MYTrafficDataHub_20260829\Application)
2026-08-30 15:07:32.764 [main] INFO  org.apache.maven.surefire.booter.ForkedBooter - The following 1 profile is active: "test"
2026-08-30 15:07:33.059 [background-preinit] INFO  org.hibernate.validator.internal.util.Version - HV000001: Hibernate Validator 9.0.1.Final
2026-08-30 15:07:33.561 [main] INFO  o.s.d.r.config.RepositoryConfigurationDelegate - Multiple Spring Data modules found, entering strict repository configuration mode
2026-08-30 15:07:33.565 [main] INFO  o.s.d.r.config.RepositoryConfigurationDelegate - Bootstrapping Spring Data Redis repositories in DEFAULT mode.
2026-08-30 15:07:33.619 [main] INFO  o.s.d.r.config.RepositoryConfigurationDelegate - Finished Spring Data repository scanning in 35 ms. Found 0 Redis repository interfaces.
2026-08-30 15:07:34.433 [main] INFO  com.mytransitgps.config.RedisConfig - Redis StringRedisTemplate初始化完成
2026-08-30 15:07:34.621 [main] INFO  com.mytransitgps.config.RedisConfig - Redis byte[] RedisTemplate初始化完成
2026-08-30 15:07:34.624 [main] INFO  com.mytransitgps.gtfs.config.GtfsFeedRegistry - GTFS Feed注册表初始化完成，feedCount=5，enabledFeedCount=5
2026-08-30 15:07:34.807 [main] INFO  org.apache.maven.surefire.booter.ForkedBooter - Started ForkedBooter in 2.584 seconds (process running for 3.39)
2026-08-30 15:07:34.811 [main] INFO  c.m.config.RedisStartupConnectionChecker - Redis启动连通性检查未启用，跳过启动Ping
2026-08-30 15:07:34.812 [main] INFO  c.m.config.ApplicationStartupLoggingListener - Spring Context初始化完成，activeProfiles=test
2026-08-30 15:07:34.812 [main] INFO  c.m.config.ApplicationStartupLoggingListener - MYTrafficDataHub启动配置：profiles=test，serverPort=8080，databaseEnabled=false，dbTestEnabled=false，multicityTestEnabled=false，continuousEnabled=false，dailyArchiveEnabled=false，redisStartupCheckEnabled=false，workspaceRoot=C:\Users\DELL\AppData\Local\Temp\junit-7218476781815435796
2026-08-30 15:07:34.812 [main] INFO  c.m.config.ApplicationStartupLoggingListener - 交通模块状态：busGpsEnabled=true，busGpsFeedCount=5，ciqEnabled=true，ciqScheduleEnabled=false，ciqTrafficSpeedEnabled=false，ciqArchiveEnabled=true，ciqDatabaseWriteEnabled=false，ltaAccountKeyConfigured=false
2026-08-30 15:07:34.812 [main] INFO  c.m.config.ApplicationStartupLoggingListener - 当前未启用自动多城市连续采集，服务处于待命状态
2026-08-30 15:07:34.813 [main] INFO  c.m.config.ApplicationStartupLoggingListener - MYTrafficDataHub服务已就绪，稳定模块=MYTransitGPS
2026-08-30 15:07:34.813 [main] INFO  c.m.persistence.service.WorkspaceRootResolver - MYTrafficDataHub 工作区根目录解析完成，source=CONFIGURED，workspaceRoot=C:\Users\DELL\AppData\Local\Temp\junit-7218476781815435796
2026-08-30 15:07:34.819 [main] INFO  c.m.modules.ciq.storage.CiqDirectoryInitializer - CIQ每日八接口目录初始化完成，trigger=APPLICATION_READY，date=2026-08-30，apiFolderCount=8，path=C:\Users\DELL\AppData\Local\Temp\junit-7218476781815435796\CIQ\20260830
2026-08-30 15:07:34.824 [main] INFO  c.m.config.ApplicationStartupLoggingListener - MYTrafficDataHub正在关闭
2026-08-30 15:07:34.831 [main] INFO  c.m.config.ApplicationStartupLoggingListener - MYTrafficDataHub已完成关闭流程
2026-08-30 15:07:34.917 [main] INFO  org.apache.maven.surefire.booter.ForkedBooter - Starting ForkedBooter v3.5.4 using Java 17.0.20.1 with PID 24016 (started by DELL in C:\Users\DELL\Desktop\MYTrafficDataHub_20260829\Application)
2026-08-30 15:07:34.917 [main] INFO  org.apache.maven.surefire.booter.ForkedBooter - The following 1 profile is active: "test"
2026-08-30 15:07:35.083 [main] INFO  o.s.d.r.config.RepositoryConfigurationDelegate - Multiple Spring Data modules found, entering strict repository configuration mode
2026-08-30 15:07:35.084 [main] INFO  o.s.d.r.config.RepositoryConfigurationDelegate - Bootstrapping Spring Data Redis repositories in DEFAULT mode.
2026-08-30 15:07:35.103 [main] INFO  o.s.d.r.config.RepositoryConfigurationDelegate - Finished Spring Data repository scanning in 16 ms. Found 0 Redis repository interfaces.
2026-08-30 15:07:35.144 [main] INFO  com.mytransitgps.config.RedisConfig - Redis StringRedisTemplate初始化完成
2026-08-30 15:07:35.147 [main] INFO  com.mytransitgps.config.RedisConfig - Redis byte[] RedisTemplate初始化完成
2026-08-30 15:07:35.148 [main] INFO  com.mytransitgps.gtfs.config.GtfsFeedRegistry - GTFS Feed注册表初始化完成，feedCount=5，enabledFeedCount=5
2026-08-30 15:07:35.199 [main] INFO  org.apache.maven.surefire.booter.ForkedBooter - Started ForkedBooter in 0.332 seconds (process running for 3.783)
2026-08-30 15:07:35.199 [main] INFO  c.m.config.RedisStartupConnectionChecker - Redis启动连通性检查未启用，跳过启动Ping
2026-08-30 15:07:35.200 [main] INFO  c.m.config.ApplicationStartupLoggingListener - Spring Context初始化完成，activeProfiles=test
2026-08-30 15:07:35.200 [main] INFO  c.m.config.ApplicationStartupLoggingListener - MYTrafficDataHub启动配置：profiles=test，serverPort=8080，databaseEnabled=false，dbTestEnabled=false，multicityTestEnabled=false，continuousEnabled=false，dailyArchiveEnabled=false，redisStartupCheckEnabled=false，workspaceRoot=C:\Users\DELL\AppData\Local\Temp\junit-4977168340604177124
2026-08-30 15:07:35.200 [main] INFO  c.m.config.ApplicationStartupLoggingListener - 交通模块状态：busGpsEnabled=true，busGpsFeedCount=5，ciqEnabled=false，ciqScheduleEnabled=false，ciqTrafficSpeedEnabled=false，ciqArchiveEnabled=true，ciqDatabaseWriteEnabled=false，ltaAccountKeyConfigured=false
2026-08-30 15:07:35.200 [main] INFO  c.m.config.ApplicationStartupLoggingListener - 当前未启用自动多城市连续采集，服务处于待命状态
2026-08-30 15:07:35.201 [main] INFO  c.m.config.ApplicationStartupLoggingListener - MYTrafficDataHub服务已就绪，稳定模块=MYTransitGPS
2026-08-30 15:07:35.203 [main] INFO  c.m.config.ApplicationStartupLoggingListener - MYTrafficDataHub正在关闭
2026-08-30 15:07:35.204 [main] INFO  c.m.config.ApplicationStartupLoggingListener - MYTrafficDataHub已完成关闭流程
2026-08-30 15:07:35.257 [main] INFO  org.apache.maven.surefire.booter.ForkedBooter - Starting ForkedBooter v3.5.4 using Java 17.0.20.1 with PID 24016 (started by DELL in C:\Users\DELL\Desktop\MYTrafficDataHub_20260829\Application)
2026-08-30 15:07:35.257 [main] INFO  org.apache.maven.surefire.booter.ForkedBooter - The following 1 profile is active: "test"
2026-08-30 15:07:35.383 [main] INFO  o.s.d.r.config.RepositoryConfigurationDelegate - Multiple Spring Data modules found, entering strict repository configuration mode
2026-08-30 15:07:35.383 [main] INFO  o.s.d.r.config.RepositoryConfigurationDelegate - Bootstrapping Spring Data Redis repositories in DEFAULT mode.
2026-08-30 15:07:35.406 [main] INFO  o.s.d.r.config.RepositoryConfigurationDelegate - Finished Spring Data repository scanning in 21 ms. Found 0 Redis repository interfaces.
2026-08-30 15:07:35.442 [main] INFO  com.mytransitgps.config.RedisConfig - Redis StringRedisTemplate初始化完成
2026-08-30 15:07:35.447 [main] INFO  com.mytransitgps.config.RedisConfig - Redis byte[] RedisTemplate初始化完成
2026-08-30 15:07:35.448 [main] INFO  com.mytransitgps.gtfs.config.GtfsFeedRegistry - GTFS Feed注册表初始化完成，feedCount=5，enabledFeedCount=5
2026-08-30 15:07:35.496 [main] INFO  org.apache.maven.surefire.booter.ForkedBooter - Started ForkedBooter in 0.281 seconds (process running for 4.079)
2026-08-30 15:07:35.496 [main] INFO  c.m.config.RedisStartupConnectionChecker - Redis启动连通性检查未启用，跳过启动Ping
2026-08-30 15:07:35.497 [main] INFO  c.m.config.ApplicationStartupLoggingListener - Spring Context初始化完成，activeProfiles=test
2026-08-30 15:07:35.497 [main] INFO  c.m.config.ApplicationStartupLoggingListener - MYTrafficDataHub启动配置：profiles=test，serverPort=8080，databaseEnabled=false，dbTestEnabled=false，multicityTestEnabled=false，continuousEnabled=false，dailyArchiveEnabled=false，redisStartupCheckEnabled=false，workspaceRoot=C:\Users\DELL\AppData\Local\Temp\junit-3541843274554404609
2026-08-30 15:07:35.497 [main] INFO  c.m.config.ApplicationStartupLoggingListener - 交通模块状态：busGpsEnabled=true，busGpsFeedCount=5，ciqEnabled=true，ciqScheduleEnabled=false，ciqTrafficSpeedEnabled=false，ciqArchiveEnabled=false，ciqDatabaseWriteEnabled=false，ltaAccountKeyConfigured=false
2026-08-30 15:07:35.497 [main] INFO  c.m.config.ApplicationStartupLoggingListener - 当前未启用自动多城市连续采集，服务处于待命状态
2026-08-30 15:07:35.497 [main] INFO  c.m.config.ApplicationStartupLoggingListener - MYTrafficDataHub服务已就绪，稳定模块=MYTransitGPS
2026-08-30 15:07:35.498 [main] INFO  c.m.persistence.service.WorkspaceRootResolver - MYTrafficDataHub 工作区根目录解析完成，source=CONFIGURED，workspaceRoot=C:\Users\DELL\AppData\Local\Temp\junit-3541843274554404609
2026-08-30 15:07:35.504 [main] INFO  c.m.modules.ciq.storage.CiqDirectoryInitializer - CIQ每日八接口目录初始化完成，trigger=APPLICATION_READY，date=2026-08-30，apiFolderCount=8，path=C:\Users\DELL\AppData\Local\Temp\junit-3541843274554404609\CIQ\20260830
2026-08-30 15:07:35.505 [main] INFO  c.m.config.ApplicationStartupLoggingListener - MYTrafficDataHub正在关闭
2026-08-30 15:07:35.506 [main] INFO  c.m.config.ApplicationStartupLoggingListener - MYTrafficDataHub已完成关闭流程
2026-08-30 15:07:35.551 [main] INFO  o.s.t.c.s.AnnotationConfigContextLoaderUtils - Could not detect default configuration classes for test class [com.mytransitgps.MyBatisDatabaseEnabledContextTest]: MyBatisDatabaseEnabledContextTest does not declare any static, non-private, non-final, nested classes annotated with @Configuration.
2026-08-30 15:07:35.584 [main] INFO  o.s.b.t.c.SpringBootTestContextBootstrapper - Found @SpringBootConfiguration com.mytransitgps.MyTrafficDataHubApplication for test class com.mytransitgps.MyBatisDatabaseEnabledContextTest
2026-08-30 15:07:35.684 [main] INFO  c.mytransitgps.MyBatisDatabaseEnabledContextTest - Starting MyBatisDatabaseEnabledContextTest using Java 17.0.20.1 with PID 24016 (started by DELL in C:\Users\DELL\Desktop\MYTrafficDataHub_20260829\Application)
2026-08-30 15:07:35.684 [main] INFO  c.mytransitgps.MyBatisDatabaseEnabledContextTest - The following 1 profile is active: "test"
2026-08-30 15:07:35.903 [main] INFO  o.s.d.r.config.RepositoryConfigurationDelegate - Multiple Spring Data modules found, entering strict repository configuration mode
2026-08-30 15:07:35.903 [main] INFO  o.s.d.r.config.RepositoryConfigurationDelegate - Bootstrapping Spring Data Redis repositories in DEFAULT mode.
2026-08-30 15:07:35.920 [main] INFO  o.s.d.r.config.RepositoryConfigurationDelegate - Finished Spring Data repository scanning in 15 ms. Found 0 Redis repository interfaces.
2026-08-30 15:07:36.048 [main] INFO  com.mytransitgps.config.RedisConfig - Redis StringRedisTemplate初始化完成
2026-08-30 15:07:36.103 [main] INFO  c.m.persistence.config.MyBatisDatabaseConfig - MYTransitGPS MyBatis 数据库配置已初始化，城市 Schema 路由已启用
2026-08-30 15:07:36.929 [main] INFO  com.mytransitgps.config.RedisConfig - Redis byte[] RedisTemplate初始化完成
2026-08-30 15:07:36.931 [main] INFO  com.mytransitgps.gtfs.config.GtfsFeedRegistry - GTFS Feed注册表初始化完成，feedCount=5，enabledFeedCount=5
2026-08-30 15:07:36.940 [main] INFO  c.b.m.e.s.MybatisPlusApplicationContextAware - Register ApplicationContext instances org.springframework.context.annotation.AnnotationConfigApplicationContext@66d44581
2026-08-30 15:07:37.009 [main] INFO  c.mytransitgps.MyBatisDatabaseEnabledContextTest - Started MyBatisDatabaseEnabledContextTest in 1.378 seconds (process running for 5.593)
2026-08-30 15:07:37.010 [main] INFO  c.m.config.RedisStartupConnectionChecker - Redis启动连通性检查未启用，跳过启动Ping
2026-08-30 15:07:37.010 [main] INFO  c.m.config.ApplicationStartupLoggingListener - Spring Context初始化完成，activeProfiles=test
2026-08-30 15:07:37.011 [main] INFO  c.m.config.ApplicationStartupLoggingListener - MYTrafficDataHub启动配置：profiles=test，serverPort=8080，databaseEnabled=true，dbTestEnabled=false，multicityTestEnabled=false，continuousEnabled=false，dailyArchiveEnabled=false，redisStartupCheckEnabled=false，workspaceRoot=..
2026-08-30 15:07:37.011 [main] INFO  c.m.config.ApplicationStartupLoggingListener - 交通模块状态：busGpsEnabled=true，busGpsFeedCount=5，ciqEnabled=false，ciqScheduleEnabled=false，ciqTrafficSpeedEnabled=false，ciqArchiveEnabled=true，ciqDatabaseWriteEnabled=false，ltaAccountKeyConfigured=false
2026-08-30 15:07:37.011 [main] INFO  c.m.config.ApplicationStartupLoggingListener - 当前未启用自动多城市连续采集，服务处于待命状态
2026-08-30 15:07:37.011 [main] INFO  c.m.config.ApplicationStartupLoggingListener - MYTrafficDataHub服务已就绪，稳定模块=MYTransitGPS
2026-08-30 15:07:38.710 [main] INFO  o.s.t.c.s.AnnotationConfigContextLoaderUtils - Could not detect default configuration classes for test class [com.mytransitgps.MyTrafficDataHubApplicationTests]: MyTrafficDataHubApplicationTests does not declare any static, non-private, non-final, nested classes annotated with @Configuration.
2026-08-30 15:07:38.713 [main] INFO  o.s.b.t.c.SpringBootTestContextBootstrapper - Found @SpringBootConfiguration com.mytransitgps.MyTrafficDataHubApplication for test class com.mytransitgps.MyTrafficDataHubApplicationTests
2026-08-30 15:07:38.719 [main] INFO  c.m.config.ApplicationStartupLoggingListener - MYTrafficDataHub已完成关闭流程
2026-08-30 15:07:38.798 [main] INFO  c.mytransitgps.MyTrafficDataHubApplicationTests - Starting MyTrafficDataHubApplicationTests using Java 17.0.20.1 with PID 24016 (started by DELL in C:\Users\DELL\Desktop\MYTrafficDataHub_20260829\Application)
2026-08-30 15:07:38.799 [main] INFO  c.mytransitgps.MyTrafficDataHubApplicationTests - The following 1 profile is active: "test"
2026-08-30 15:07:39.158 [main] INFO  o.s.d.r.config.RepositoryConfigurationDelegate - Multiple Spring Data modules found, entering strict repository configuration mode
2026-08-30 15:07:39.158 [main] INFO  o.s.d.r.config.RepositoryConfigurationDelegate - Bootstrapping Spring Data Redis repositories in DEFAULT mode.
2026-08-30 15:07:39.179 [main] INFO  o.s.d.r.config.RepositoryConfigurationDelegate - Finished Spring Data repository scanning in 18 ms. Found 0 Redis repository interfaces.
2026-08-30 15:07:39.330 [main] INFO  com.mytransitgps.config.RedisConfig - Redis StringRedisTemplate初始化完成
2026-08-30 15:07:39.337 [main] INFO  com.mytransitgps.config.RedisConfig - Redis byte[] RedisTemplate初始化完成
2026-08-30 15:07:39.340 [main] INFO  com.mytransitgps.gtfs.config.GtfsFeedRegistry - GTFS Feed注册表初始化完成，feedCount=5，enabledFeedCount=5
2026-08-30 15:07:39.924 [main] INFO  c.b.m.e.s.MybatisPlusApplicationContextAware - Register ApplicationContext instances org.springframework.web.context.support.GenericWebApplicationContext@5bbb351e
2026-08-30 15:07:40.023 [main] INFO  c.mytransitgps.MyTrafficDataHubApplicationTests - Started MyTrafficDataHubApplicationTests in 1.288 seconds (process running for 8.607)
2026-08-30 15:07:40.024 [main] INFO  c.m.config.RedisStartupConnectionChecker - Redis启动连通性检查未启用，跳过启动Ping
2026-08-30 15:07:40.024 [main] INFO  c.m.config.ApplicationStartupLoggingListener - Spring Context初始化完成，activeProfiles=test
2026-08-30 15:07:40.025 [main] INFO  c.m.config.ApplicationStartupLoggingListener - MYTrafficDataHub启动配置：profiles=test，serverPort=8080，databaseEnabled=false，dbTestEnabled=false，multicityTestEnabled=false，continuousEnabled=false，dailyArchiveEnabled=false，redisStartupCheckEnabled=false，workspaceRoot=C:/MYTrafficDataHubData
2026-08-30 15:07:40.025 [main] INFO  c.m.config.ApplicationStartupLoggingListener - 交通模块状态：busGpsEnabled=true，busGpsFeedCount=5，ciqEnabled=false，ciqScheduleEnabled=false，ciqTrafficSpeedEnabled=false，ciqArchiveEnabled=true，ciqDatabaseWriteEnabled=false，ltaAccountKeyConfigured=false
2026-08-30 15:07:40.025 [main] INFO  c.m.config.ApplicationStartupLoggingListener - 当前未启用自动多城市连续采集，服务处于待命状态
2026-08-30 15:07:40.025 [main] INFO  c.m.config.ApplicationStartupLoggingListener - MYTrafficDataHub服务已就绪，稳定模块=MYTransitGPS
2026-08-30 15:07:40.043 [main] INFO  o.s.t.c.s.AnnotationConfigContextLoaderUtils - Could not detect default configuration classes for test class [com.mytransitgps.platform.PlatformConfigurationTest]: PlatformConfigurationTest does not declare any static, non-private, non-final, nested classes annotated with @Configuration.
2026-08-30 15:07:40.063 [main] INFO  o.s.b.t.c.SpringBootTestContextBootstrapper - Found @SpringBootConfiguration com.mytransitgps.MyTrafficDataHubApplication for test class com.mytransitgps.platform.PlatformConfigurationTest
2026-08-30 15:07:40.066 [main] INFO  c.m.config.ApplicationStartupLoggingListener - MYTrafficDataHub已完成关闭流程
2026-08-30 15:07:40.112 [main] INFO  c.m.platform.PlatformConfigurationTest - Starting PlatformConfigurationTest using Java 17.0.20.1 with PID 24016 (started by DELL in C:\Users\DELL\Desktop\MYTrafficDataHub_20260829\Application)
2026-08-30 15:07:40.113 [main] INFO  c.m.platform.PlatformConfigurationTest - The following 1 profile is active: "test"
2026-08-30 15:07:40.315 [main] INFO  o.s.d.r.config.RepositoryConfigurationDelegate - Multiple Spring Data modules found, entering strict repository configuration mode
2026-08-30 15:07:40.315 [main] INFO  o.s.d.r.config.RepositoryConfigurationDelegate - Bootstrapping Spring Data Redis repositories in DEFAULT mode.
2026-08-30 15:07:40.335 [main] INFO  o.s.d.r.config.RepositoryConfigurationDelegate - Finished Spring Data repository scanning in 18 ms. Found 0 Redis repository interfaces.
2026-08-30 15:07:40.412 [main] INFO  com.mytransitgps.config.RedisConfig - Redis StringRedisTemplate初始化完成
2026-08-30 15:07:40.418 [main] INFO  com.mytransitgps.config.RedisConfig - Redis byte[] RedisTemplate初始化完成
2026-08-30 15:07:40.419 [main] INFO  com.mytransitgps.gtfs.config.GtfsFeedRegistry - GTFS Feed注册表初始化完成，feedCount=5，enabledFeedCount=5
2026-08-30 15:07:40.687 [main] INFO  c.b.m.e.s.MybatisPlusApplicationContextAware - Register ApplicationContext instances org.springframework.web.context.support.GenericWebApplicationContext@7ecf001f
2026-08-30 15:07:40.724 [main] INFO  c.m.platform.PlatformConfigurationTest - Started PlatformConfigurationTest in 0.656 seconds (process running for 9.308)
2026-08-30 15:07:40.724 [main] INFO  c.m.config.RedisStartupConnectionChecker - Redis启动连通性检查未启用，跳过启动Ping
2026-08-30 15:07:40.725 [main] INFO  c.m.config.ApplicationStartupLoggingListener - Spring Context初始化完成，activeProfiles=test
2026-08-30 15:07:40.725 [main] INFO  c.m.config.ApplicationStartupLoggingListener - MYTrafficDataHub启动配置：profiles=test，serverPort=8080，databaseEnabled=false，dbTestEnabled=false，multicityTestEnabled=false，continuousEnabled=false，dailyArchiveEnabled=true，redisStartupCheckEnabled=false，workspaceRoot=C:/MYTrafficDataHubData
2026-08-30 15:07:40.725 [main] INFO  c.m.config.ApplicationStartupLoggingListener - 交通模块状态：busGpsEnabled=true，busGpsFeedCount=5，ciqEnabled=false，ciqScheduleEnabled=false，ciqTrafficSpeedEnabled=false，ciqArchiveEnabled=true，ciqDatabaseWriteEnabled=false，ltaAccountKeyConfigured=false
2026-08-30 15:07:40.725 [main] INFO  c.m.config.ApplicationStartupLoggingListener - 当前未启用自动多城市连续采集，服务处于待命状态
2026-08-30 15:07:40.725 [main] INFO  c.m.config.ApplicationStartupLoggingListener - MYTrafficDataHub服务已就绪，稳定模块=MYTransitGPS
2026-08-30 15:07:40.730 [main] INFO  com.mytransitgps.gtfs.config.GtfsFeedRegistry - GTFS Feed注册表初始化完成，feedCount=5，enabledFeedCount=5
2026-08-30 15:07:40.756 [SpringApplicationShutdownHook] INFO  c.m.config.ApplicationStartupLoggingListener - MYTrafficDataHub正在关闭
2026-08-30 15:07:40.766 [SpringApplicationShutdownHook] INFO  c.m.config.ApplicationStartupLoggingListener - MYTrafficDataHub正在关闭
2026-08-30 15:07:40.770 [SpringApplicationShutdownHook] INFO  c.m.config.ApplicationStartupLoggingListener - MYTrafficDataHub正在关闭
2026-08-30 15:07:40.771 [SpringApplicationShutdownHook] INFO  c.m.config.ApplicationStartupLoggingListener - MYTrafficDataHub已完成关闭流程
2026-08-30 15:11:18.983 [main] INFO  org.apache.maven.surefire.booter.ForkedBooter - Starting ForkedBooter v3.5.4 using Java 17.0.20.1 with PID 27924 (started by DELL in C:\Users\DELL\Desktop\MYTrafficDataHub_20260829\Application)
2026-08-30 15:11:18.989 [main] INFO  org.apache.maven.surefire.booter.ForkedBooter - The following 1 profile is active: "test"
2026-08-30 15:11:19.215 [background-preinit] INFO  org.hibernate.validator.internal.util.Version - HV000001: Hibernate Validator 9.0.1.Final
2026-08-30 15:11:19.591 [main] INFO  o.s.d.r.config.RepositoryConfigurationDelegate - Multiple Spring Data modules found, entering strict repository configuration mode
2026-08-30 15:11:19.593 [main] INFO  o.s.d.r.config.RepositoryConfigurationDelegate - Bootstrapping Spring Data Redis repositories in DEFAULT mode.
2026-08-30 15:11:19.641 [main] INFO  o.s.d.r.config.RepositoryConfigurationDelegate - Finished Spring Data repository scanning in 30 ms. Found 0 Redis repository interfaces.
2026-08-30 15:11:20.334 [main] INFO  com.mytransitgps.config.RedisConfig - Redis StringRedisTemplate初始化完成
2026-08-30 15:11:20.508 [main] INFO  com.mytransitgps.config.RedisConfig - Redis byte[] RedisTemplate初始化完成
2026-08-30 15:11:20.511 [main] INFO  com.mytransitgps.gtfs.config.GtfsFeedRegistry - GTFS Feed注册表初始化完成，feedCount=5，enabledFeedCount=5
2026-08-30 15:11:20.689 [main] INFO  org.apache.maven.surefire.booter.ForkedBooter - Started ForkedBooter in 2.236 seconds (process running for 3.104)
2026-08-30 15:11:20.694 [main] INFO  c.m.config.RedisStartupConnectionChecker - Redis启动连通性检查未启用，跳过启动Ping
2026-08-30 15:11:20.695 [main] INFO  c.m.config.ApplicationStartupLoggingListener - Spring Context初始化完成，activeProfiles=test
2026-08-30 15:11:20.696 [main] INFO  c.m.config.ApplicationStartupLoggingListener - MYTrafficDataHub启动配置：profiles=test，serverPort=8080，databaseEnabled=false，dbTestEnabled=false，multicityTestEnabled=false，continuousEnabled=false，dailyArchiveEnabled=false，redisStartupCheckEnabled=false，workspaceRoot=C:\Users\DELL\AppData\Local\Temp\junit-16573759303365179477
2026-08-30 15:11:20.696 [main] INFO  c.m.config.ApplicationStartupLoggingListener - 交通模块状态：busGpsEnabled=true，busGpsFeedCount=5，ciqEnabled=true，ciqScheduleEnabled=false，ciqTrafficSpeedEnabled=false，ciqArchiveEnabled=true，ciqDatabaseWriteEnabled=false，ltaAccountKeyConfigured=false
2026-08-30 15:11:20.696 [main] INFO  c.m.config.ApplicationStartupLoggingListener - 当前未启用自动多城市连续采集，服务处于待命状态
2026-08-30 15:11:20.696 [main] INFO  c.m.config.ApplicationStartupLoggingListener - MYTrafficDataHub服务已就绪，稳定模块=MYTransitGPS
2026-08-30 15:11:20.697 [main] INFO  c.m.persistence.service.WorkspaceRootResolver - MYTrafficDataHub 工作区根目录解析完成，source=CONFIGURED，workspaceRoot=C:\Users\DELL\AppData\Local\Temp\junit-16573759303365179477
2026-08-30 15:11:20.702 [main] INFO  c.m.modules.ciq.storage.CiqDirectoryInitializer - CIQ每日八接口目录初始化完成，trigger=APPLICATION_READY，date=2026-08-30，apiFolderCount=8，path=C:\Users\DELL\AppData\Local\Temp\junit-16573759303365179477\CIQ\20260830
2026-08-30 15:11:20.706 [main] INFO  c.m.config.ApplicationStartupLoggingListener - MYTrafficDataHub正在关闭
2026-08-30 15:11:20.715 [main] INFO  c.m.config.ApplicationStartupLoggingListener - MYTrafficDataHub已完成关闭流程
2026-08-30 15:11:20.796 [main] INFO  org.apache.maven.surefire.booter.ForkedBooter - Starting ForkedBooter v3.5.4 using Java 17.0.20.1 with PID 27924 (started by DELL in C:\Users\DELL\Desktop\MYTrafficDataHub_20260829\Application)
2026-08-30 15:11:20.797 [main] INFO  org.apache.maven.surefire.booter.ForkedBooter - The following 1 profile is active: "test"
2026-08-30 15:11:20.958 [main] INFO  o.s.d.r.config.RepositoryConfigurationDelegate - Multiple Spring Data modules found, entering strict repository configuration mode
2026-08-30 15:11:20.958 [main] INFO  o.s.d.r.config.RepositoryConfigurationDelegate - Bootstrapping Spring Data Redis repositories in DEFAULT mode.
2026-08-30 15:11:20.975 [main] INFO  o.s.d.r.config.RepositoryConfigurationDelegate - Finished Spring Data repository scanning in 14 ms. Found 0 Redis repository interfaces.
2026-08-30 15:11:21.019 [main] INFO  com.mytransitgps.config.RedisConfig - Redis StringRedisTemplate初始化完成
2026-08-30 15:11:21.023 [main] INFO  com.mytransitgps.config.RedisConfig - Redis byte[] RedisTemplate初始化完成
2026-08-30 15:11:21.023 [main] INFO  com.mytransitgps.gtfs.config.GtfsFeedRegistry - GTFS Feed注册表初始化完成，feedCount=5，enabledFeedCount=5
2026-08-30 15:11:21.073 [main] INFO  org.apache.maven.surefire.booter.ForkedBooter - Started ForkedBooter in 0.325 seconds (process running for 3.488)
2026-08-30 15:11:21.073 [main] INFO  c.m.config.RedisStartupConnectionChecker - Redis启动连通性检查未启用，跳过启动Ping
2026-08-30 15:11:21.074 [main] INFO  c.m.config.ApplicationStartupLoggingListener - Spring Context初始化完成，activeProfiles=test
2026-08-30 15:11:21.074 [main] INFO  c.m.config.ApplicationStartupLoggingListener - MYTrafficDataHub启动配置：profiles=test，serverPort=8080，databaseEnabled=false，dbTestEnabled=false，multicityTestEnabled=false，continuousEnabled=false，dailyArchiveEnabled=false，redisStartupCheckEnabled=false，workspaceRoot=C:\Users\DELL\AppData\Local\Temp\junit-2051255529463684481
2026-08-30 15:11:21.074 [main] INFO  c.m.config.ApplicationStartupLoggingListener - 交通模块状态：busGpsEnabled=true，busGpsFeedCount=5，ciqEnabled=false，ciqScheduleEnabled=false，ciqTrafficSpeedEnabled=false，ciqArchiveEnabled=true，ciqDatabaseWriteEnabled=false，ltaAccountKeyConfigured=false
2026-08-30 15:11:21.074 [main] INFO  c.m.config.ApplicationStartupLoggingListener - 当前未启用自动多城市连续采集，服务处于待命状态
2026-08-30 15:11:21.074 [main] INFO  c.m.config.ApplicationStartupLoggingListener - MYTrafficDataHub服务已就绪，稳定模块=MYTransitGPS
2026-08-30 15:11:21.077 [main] INFO  c.m.config.ApplicationStartupLoggingListener - MYTrafficDataHub正在关闭
2026-08-30 15:11:21.078 [main] INFO  c.m.config.ApplicationStartupLoggingListener - MYTrafficDataHub已完成关闭流程
2026-08-30 15:11:21.130 [main] INFO  org.apache.maven.surefire.booter.ForkedBooter - Starting ForkedBooter v3.5.4 using Java 17.0.20.1 with PID 27924 (started by DELL in C:\Users\DELL\Desktop\MYTrafficDataHub_20260829\Application)
2026-08-30 15:11:21.131 [main] INFO  org.apache.maven.surefire.booter.ForkedBooter - The following 1 profile is active: "test"
2026-08-30 15:11:21.258 [main] INFO  o.s.d.r.config.RepositoryConfigurationDelegate - Multiple Spring Data modules found, entering strict repository configuration mode
2026-08-30 15:11:21.258 [main] INFO  o.s.d.r.config.RepositoryConfigurationDelegate - Bootstrapping Spring Data Redis repositories in DEFAULT mode.
2026-08-30 15:11:21.282 [main] INFO  o.s.d.r.config.RepositoryConfigurationDelegate - Finished Spring Data repository scanning in 20 ms. Found 0 Redis repository interfaces.
2026-08-30 15:11:21.315 [main] INFO  com.mytransitgps.config.RedisConfig - Redis StringRedisTemplate初始化完成
2026-08-30 15:11:21.319 [main] INFO  com.mytransitgps.config.RedisConfig - Redis byte[] RedisTemplate初始化完成
2026-08-30 15:11:21.320 [main] INFO  com.mytransitgps.gtfs.config.GtfsFeedRegistry - GTFS Feed注册表初始化完成，feedCount=5，enabledFeedCount=5
2026-08-30 15:11:21.365 [main] INFO  org.apache.maven.surefire.booter.ForkedBooter - Started ForkedBooter in 0.276 seconds (process running for 3.779)
2026-08-30 15:11:21.365 [main] INFO  c.m.config.RedisStartupConnectionChecker - Redis启动连通性检查未启用，跳过启动Ping
2026-08-30 15:11:21.366 [main] INFO  c.m.config.ApplicationStartupLoggingListener - Spring Context初始化完成，activeProfiles=test
2026-08-30 15:11:21.366 [main] INFO  c.m.config.ApplicationStartupLoggingListener - MYTrafficDataHub启动配置：profiles=test，serverPort=8080，databaseEnabled=false，dbTestEnabled=false，multicityTestEnabled=false，continuousEnabled=false，dailyArchiveEnabled=false，redisStartupCheckEnabled=false，workspaceRoot=C:\Users\DELL\AppData\Local\Temp\junit-9267010853892603854
2026-08-30 15:11:21.366 [main] INFO  c.m.config.ApplicationStartupLoggingListener - 交通模块状态：busGpsEnabled=true，busGpsFeedCount=5，ciqEnabled=true，ciqScheduleEnabled=false，ciqTrafficSpeedEnabled=false，ciqArchiveEnabled=false，ciqDatabaseWriteEnabled=false，ltaAccountKeyConfigured=false
2026-08-30 15:11:21.366 [main] INFO  c.m.config.ApplicationStartupLoggingListener - 当前未启用自动多城市连续采集，服务处于待命状态
2026-08-30 15:11:21.366 [main] INFO  c.m.config.ApplicationStartupLoggingListener - MYTrafficDataHub服务已就绪，稳定模块=MYTransitGPS
2026-08-30 15:11:21.367 [main] INFO  c.m.persistence.service.WorkspaceRootResolver - MYTrafficDataHub 工作区根目录解析完成，source=CONFIGURED，workspaceRoot=C:\Users\DELL\AppData\Local\Temp\junit-9267010853892603854
2026-08-30 15:11:21.373 [main] INFO  c.m.modules.ciq.storage.CiqDirectoryInitializer - CIQ每日八接口目录初始化完成，trigger=APPLICATION_READY，date=2026-08-30，apiFolderCount=8，path=C:\Users\DELL\AppData\Local\Temp\junit-9267010853892603854\CIQ\20260830
2026-08-30 15:11:21.374 [main] INFO  c.m.config.ApplicationStartupLoggingListener - MYTrafficDataHub正在关闭
2026-08-30 15:11:21.374 [main] INFO  c.m.config.ApplicationStartupLoggingListener - MYTrafficDataHub已完成关闭流程
2026-08-30 15:11:21.436 [main] INFO  o.s.t.c.s.AnnotationConfigContextLoaderUtils - Could not detect default configuration classes for test class [com.mytransitgps.MyBatisDatabaseEnabledContextTest]: MyBatisDatabaseEnabledContextTest does not declare any static, non-private, non-final, nested classes annotated with @Configuration.
2026-08-30 15:11:21.472 [main] INFO  o.s.b.t.c.SpringBootTestContextBootstrapper - Found @SpringBootConfiguration com.mytransitgps.MyTrafficDataHubApplication for test class com.mytransitgps.MyBatisDatabaseEnabledContextTest
2026-08-30 15:11:21.555 [main] INFO  c.mytransitgps.MyBatisDatabaseEnabledContextTest - Starting MyBatisDatabaseEnabledContextTest using Java 17.0.20.1 with PID 27924 (started by DELL in C:\Users\DELL\Desktop\MYTrafficDataHub_20260829\Application)
2026-08-30 15:11:21.555 [main] INFO  c.mytransitgps.MyBatisDatabaseEnabledContextTest - The following 1 profile is active: "test"
2026-08-30 15:11:21.764 [main] INFO  o.s.d.r.config.RepositoryConfigurationDelegate - Multiple Spring Data modules found, entering strict repository configuration mode
2026-08-30 15:11:21.765 [main] INFO  o.s.d.r.config.RepositoryConfigurationDelegate - Bootstrapping Spring Data Redis repositories in DEFAULT mode.
2026-08-30 15:11:21.781 [main] INFO  o.s.d.r.config.RepositoryConfigurationDelegate - Finished Spring Data repository scanning in 14 ms. Found 0 Redis repository interfaces.
2026-08-30 15:11:21.894 [main] INFO  com.mytransitgps.config.RedisConfig - Redis StringRedisTemplate初始化完成
2026-08-30 15:11:21.946 [main] INFO  c.m.persistence.config.MyBatisDatabaseConfig - MYTransitGPS MyBatis 数据库配置已初始化，城市 Schema 路由已启用
2026-08-30 15:11:22.688 [main] INFO  com.mytransitgps.config.RedisConfig - Redis byte[] RedisTemplate初始化完成
2026-08-30 15:11:22.690 [main] INFO  com.mytransitgps.gtfs.config.GtfsFeedRegistry - GTFS Feed注册表初始化完成，feedCount=5，enabledFeedCount=5
2026-08-30 15:11:22.699 [main] INFO  c.b.m.e.s.MybatisPlusApplicationContextAware - Register ApplicationContext instances org.springframework.context.annotation.AnnotationConfigApplicationContext@452e2210
2026-08-30 15:11:22.765 [main] INFO  c.mytransitgps.MyBatisDatabaseEnabledContextTest - Started MyBatisDatabaseEnabledContextTest in 1.261 seconds (process running for 5.18)
2026-08-30 15:11:22.766 [main] INFO  c.m.config.RedisStartupConnectionChecker - Redis启动连通性检查未启用，跳过启动Ping
2026-08-30 15:11:22.766 [main] INFO  c.m.config.ApplicationStartupLoggingListener - Spring Context初始化完成，activeProfiles=test
2026-08-30 15:11:22.766 [main] INFO  c.m.config.ApplicationStartupLoggingListener - MYTrafficDataHub启动配置：profiles=test，serverPort=8080，databaseEnabled=true，dbTestEnabled=false，multicityTestEnabled=false，continuousEnabled=false，dailyArchiveEnabled=false，redisStartupCheckEnabled=false，workspaceRoot=..
2026-08-30 15:11:22.766 [main] INFO  c.m.config.ApplicationStartupLoggingListener - 交通模块状态：busGpsEnabled=true，busGpsFeedCount=5，ciqEnabled=false，ciqScheduleEnabled=false，ciqTrafficSpeedEnabled=false，ciqArchiveEnabled=true，ciqDatabaseWriteEnabled=false，ltaAccountKeyConfigured=false
2026-08-30 15:11:22.766 [main] INFO  c.m.config.ApplicationStartupLoggingListener - 当前未启用自动多城市连续采集，服务处于待命状态
2026-08-30 15:11:22.766 [main] INFO  c.m.config.ApplicationStartupLoggingListener - MYTrafficDataHub服务已就绪，稳定模块=MYTransitGPS
2026-08-30 15:11:24.275 [main] INFO  o.s.t.c.s.AnnotationConfigContextLoaderUtils - Could not detect default configuration classes for test class [com.mytransitgps.MyTrafficDataHubApplicationTests]: MyTrafficDataHubApplicationTests does not declare any static, non-private, non-final, nested classes annotated with @Configuration.
2026-08-30 15:11:24.277 [main] INFO  o.s.b.t.c.SpringBootTestContextBootstrapper - Found @SpringBootConfiguration com.mytransitgps.MyTrafficDataHubApplication for test class com.mytransitgps.MyTrafficDataHubApplicationTests
2026-08-30 15:11:24.281 [main] INFO  c.m.config.ApplicationStartupLoggingListener - MYTrafficDataHub已完成关闭流程
2026-08-30 15:11:24.341 [main] INFO  c.mytransitgps.MyTrafficDataHubApplicationTests - Starting MyTrafficDataHubApplicationTests using Java 17.0.20.1 with PID 27924 (started by DELL in C:\Users\DELL\Desktop\MYTrafficDataHub_20260829\Application)
2026-08-30 15:11:24.341 [main] INFO  c.mytransitgps.MyTrafficDataHubApplicationTests - The following 1 profile is active: "test"
2026-08-30 15:11:24.629 [main] INFO  o.s.d.r.config.RepositoryConfigurationDelegate - Multiple Spring Data modules found, entering strict repository configuration mode
2026-08-30 15:11:24.629 [main] INFO  o.s.d.r.config.RepositoryConfigurationDelegate - Bootstrapping Spring Data Redis repositories in DEFAULT mode.
2026-08-30 15:11:24.647 [main] INFO  o.s.d.r.config.RepositoryConfigurationDelegate - Finished Spring Data repository scanning in 16 ms. Found 0 Redis repository interfaces.
2026-08-30 15:11:24.768 [main] INFO  com.mytransitgps.config.RedisConfig - Redis StringRedisTemplate初始化完成
2026-08-30 15:11:24.771 [main] INFO  com.mytransitgps.config.RedisConfig - Redis byte[] RedisTemplate初始化完成
2026-08-30 15:11:24.772 [main] INFO  com.mytransitgps.gtfs.config.GtfsFeedRegistry - GTFS Feed注册表初始化完成，feedCount=5，enabledFeedCount=5
2026-08-30 15:11:25.229 [main] INFO  c.b.m.e.s.MybatisPlusApplicationContextAware - Register ApplicationContext instances org.springframework.web.context.support.GenericWebApplicationContext@2f98859a
2026-08-30 15:11:25.320 [main] INFO  c.mytransitgps.MyTrafficDataHubApplicationTests - Started MyTrafficDataHubApplicationTests in 1.031 seconds (process running for 7.734)
2026-08-30 15:11:25.321 [main] INFO  c.m.config.RedisStartupConnectionChecker - Redis启动连通性检查未启用，跳过启动Ping
2026-08-30 15:11:25.321 [main] INFO  c.m.config.ApplicationStartupLoggingListener - Spring Context初始化完成，activeProfiles=test
2026-08-30 15:11:25.321 [main] INFO  c.m.config.ApplicationStartupLoggingListener - MYTrafficDataHub启动配置：profiles=test，serverPort=8080，databaseEnabled=false，dbTestEnabled=false，multicityTestEnabled=false，continuousEnabled=false，dailyArchiveEnabled=false，redisStartupCheckEnabled=false，workspaceRoot=C:/MYTrafficDataHubData
2026-08-30 15:11:25.321 [main] INFO  c.m.config.ApplicationStartupLoggingListener - 交通模块状态：busGpsEnabled=true，busGpsFeedCount=5，ciqEnabled=false，ciqScheduleEnabled=false，ciqTrafficSpeedEnabled=false，ciqArchiveEnabled=true，ciqDatabaseWriteEnabled=false，ltaAccountKeyConfigured=false
2026-08-30 15:11:25.321 [main] INFO  c.m.config.ApplicationStartupLoggingListener - 当前未启用自动多城市连续采集，服务处于待命状态
2026-08-30 15:11:25.321 [main] INFO  c.m.config.ApplicationStartupLoggingListener - MYTrafficDataHub服务已就绪，稳定模块=MYTransitGPS
2026-08-30 15:11:25.345 [main] INFO  o.s.t.c.s.AnnotationConfigContextLoaderUtils - Could not detect default configuration classes for test class [com.mytransitgps.platform.PlatformConfigurationTest]: PlatformConfigurationTest does not declare any static, non-private, non-final, nested classes annotated with @Configuration.
2026-08-30 15:11:25.363 [main] INFO  o.s.b.t.c.SpringBootTestContextBootstrapper - Found @SpringBootConfiguration com.mytransitgps.MyTrafficDataHubApplication for test class com.mytransitgps.platform.PlatformConfigurationTest
2026-08-30 15:11:25.365 [main] INFO  c.m.config.ApplicationStartupLoggingListener - MYTrafficDataHub已完成关闭流程
2026-08-30 15:11:25.405 [main] INFO  c.m.platform.PlatformConfigurationTest - Starting PlatformConfigurationTest using Java 17.0.20.1 with PID 27924 (started by DELL in C:\Users\DELL\Desktop\MYTrafficDataHub_20260829\Application)
2026-08-30 15:11:25.406 [main] INFO  c.m.platform.PlatformConfigurationTest - The following 1 profile is active: "test"
2026-08-30 15:11:25.577 [main] INFO  o.s.d.r.config.RepositoryConfigurationDelegate - Multiple Spring Data modules found, entering strict repository configuration mode
2026-08-30 15:11:25.577 [main] INFO  o.s.d.r.config.RepositoryConfigurationDelegate - Bootstrapping Spring Data Redis repositories in DEFAULT mode.
2026-08-30 15:11:25.592 [main] INFO  o.s.d.r.config.RepositoryConfigurationDelegate - Finished Spring Data repository scanning in 13 ms. Found 0 Redis repository interfaces.
2026-08-30 15:11:25.651 [main] INFO  com.mytransitgps.config.RedisConfig - Redis StringRedisTemplate初始化完成
2026-08-30 15:11:25.656 [main] INFO  com.mytransitgps.config.RedisConfig - Redis byte[] RedisTemplate初始化完成
2026-08-30 15:11:25.657 [main] INFO  com.mytransitgps.gtfs.config.GtfsFeedRegistry - GTFS Feed注册表初始化完成，feedCount=5，enabledFeedCount=5
2026-08-30 15:11:25.879 [main] INFO  c.b.m.e.s.MybatisPlusApplicationContextAware - Register ApplicationContext instances org.springframework.web.context.support.GenericWebApplicationContext@2b3b25ad
2026-08-30 15:11:25.902 [main] INFO  c.m.platform.PlatformConfigurationTest - Started PlatformConfigurationTest in 0.535 seconds (process running for 8.317)
2026-08-30 15:11:25.903 [main] INFO  c.m.config.RedisStartupConnectionChecker - Redis启动连通性检查未启用，跳过启动Ping
2026-08-30 15:11:25.903 [main] INFO  c.m.config.ApplicationStartupLoggingListener - Spring Context初始化完成，activeProfiles=test
2026-08-30 15:11:25.903 [main] INFO  c.m.config.ApplicationStartupLoggingListener - MYTrafficDataHub启动配置：profiles=test，serverPort=8080，databaseEnabled=false，dbTestEnabled=false，multicityTestEnabled=false，continuousEnabled=false，dailyArchiveEnabled=true，redisStartupCheckEnabled=false，workspaceRoot=C:/MYTrafficDataHubData
2026-08-30 15:11:25.903 [main] INFO  c.m.config.ApplicationStartupLoggingListener - 交通模块状态：busGpsEnabled=true，busGpsFeedCount=5，ciqEnabled=false，ciqScheduleEnabled=false，ciqTrafficSpeedEnabled=false，ciqArchiveEnabled=true，ciqDatabaseWriteEnabled=false，ltaAccountKeyConfigured=false
2026-08-30 15:11:25.903 [main] INFO  c.m.config.ApplicationStartupLoggingListener - 当前未启用自动多城市连续采集，服务处于待命状态
2026-08-30 15:11:25.903 [main] INFO  c.m.config.ApplicationStartupLoggingListener - MYTrafficDataHub服务已就绪，稳定模块=MYTransitGPS
2026-08-30 15:11:25.906 [main] INFO  com.mytransitgps.gtfs.config.GtfsFeedRegistry - GTFS Feed注册表初始化完成，feedCount=5，enabledFeedCount=5
2026-08-30 15:11:25.926 [SpringApplicationShutdownHook] INFO  c.m.config.ApplicationStartupLoggingListener - MYTrafficDataHub正在关闭
2026-08-30 15:11:25.935 [SpringApplicationShutdownHook] INFO  c.m.config.ApplicationStartupLoggingListener - MYTrafficDataHub正在关闭
2026-08-30 15:11:25.937 [SpringApplicationShutdownHook] INFO  c.m.config.ApplicationStartupLoggingListener - MYTrafficDataHub正在关闭
2026-08-30 15:11:25.938 [SpringApplicationShutdownHook] INFO  c.m.config.ApplicationStartupLoggingListener - MYTrafficDataHub已完成关闭流程
2026-08-30 15:11:56.398 [main] INFO  org.apache.maven.surefire.booter.ForkedBooter - Starting ForkedBooter v3.5.4 using Java 17.0.20.1 with PID 17240 (started by DELL in C:\Users\DELL\Desktop\MYTrafficDataHub_20260829\Application)
2026-08-30 15:11:56.403 [main] INFO  org.apache.maven.surefire.booter.ForkedBooter - The following 1 profile is active: "test"
2026-08-30 15:11:56.626 [background-preinit] INFO  org.hibernate.validator.internal.util.Version - HV000001: Hibernate Validator 9.0.1.Final
2026-08-30 15:11:57.038 [main] INFO  o.s.d.r.config.RepositoryConfigurationDelegate - Multiple Spring Data modules found, entering strict repository configuration mode
2026-08-30 15:11:57.041 [main] INFO  o.s.d.r.config.RepositoryConfigurationDelegate - Bootstrapping Spring Data Redis repositories in DEFAULT mode.
2026-08-30 15:11:57.073 [main] INFO  o.s.d.r.config.RepositoryConfigurationDelegate - Finished Spring Data repository scanning in 18 ms. Found 0 Redis repository interfaces.
2026-08-30 15:11:57.645 [main] INFO  com.mytransitgps.config.RedisConfig - Redis StringRedisTemplate初始化完成
2026-08-30 15:11:57.808 [main] INFO  com.mytransitgps.config.RedisConfig - Redis byte[] RedisTemplate初始化完成
2026-08-30 15:11:57.811 [main] INFO  com.mytransitgps.gtfs.config.GtfsFeedRegistry - GTFS Feed注册表初始化完成，feedCount=5，enabledFeedCount=5
2026-08-30 15:11:57.962 [main] INFO  org.apache.maven.surefire.booter.ForkedBooter - Started ForkedBooter in 2.034 seconds (process running for 2.834)
2026-08-30 15:11:57.965 [main] INFO  c.m.config.RedisStartupConnectionChecker - Redis启动连通性检查未启用，跳过启动Ping
2026-08-30 15:11:57.965 [main] INFO  c.m.config.ApplicationStartupLoggingListener - Spring Context初始化完成，activeProfiles=test
2026-08-30 15:11:57.966 [main] INFO  c.m.config.ApplicationStartupLoggingListener - MYTrafficDataHub启动配置：profiles=test，serverPort=8080，databaseEnabled=false，dbTestEnabled=false，multicityTestEnabled=false，continuousEnabled=false，dailyArchiveEnabled=false，redisStartupCheckEnabled=false，workspaceRoot=C:\Users\DELL\AppData\Local\Temp\junit-6590346155287675536
2026-08-30 15:11:57.966 [main] INFO  c.m.config.ApplicationStartupLoggingListener - 交通模块状态：busGpsEnabled=true，busGpsFeedCount=5，ciqEnabled=true，ciqScheduleEnabled=false，ciqTrafficSpeedEnabled=false，ciqArchiveEnabled=true，ciqDatabaseWriteEnabled=false，ltaAccountKeyConfigured=false
2026-08-30 15:11:57.966 [main] INFO  c.m.config.ApplicationStartupLoggingListener - 当前未启用自动多城市连续采集，服务处于待命状态
2026-08-30 15:11:57.966 [main] INFO  c.m.config.ApplicationStartupLoggingListener - MYTrafficDataHub服务已就绪，稳定模块=MYTransitGPS
2026-08-30 15:11:57.967 [main] INFO  c.m.persistence.service.WorkspaceRootResolver - MYTrafficDataHub 工作区根目录解析完成，source=CONFIGURED，workspaceRoot=C:\Users\DELL\AppData\Local\Temp\junit-6590346155287675536
2026-08-30 15:11:57.974 [main] INFO  c.m.modules.ciq.storage.CiqDirectoryInitializer - CIQ每日八接口目录初始化完成，trigger=APPLICATION_READY，date=2026-08-30，apiFolderCount=8，path=C:\Users\DELL\AppData\Local\Temp\junit-6590346155287675536\CIQ\20260830
2026-08-30 15:11:57.977 [main] INFO  c.m.config.ApplicationStartupLoggingListener - MYTrafficDataHub正在关闭
2026-08-30 15:11:57.985 [main] INFO  c.m.config.ApplicationStartupLoggingListener - MYTrafficDataHub已完成关闭流程
2026-08-30 15:11:58.066 [main] INFO  org.apache.maven.surefire.booter.ForkedBooter - Starting ForkedBooter v3.5.4 using Java 17.0.20.1 with PID 17240 (started by DELL in C:\Users\DELL\Desktop\MYTrafficDataHub_20260829\Application)
2026-08-30 15:11:58.066 [main] INFO  org.apache.maven.surefire.booter.ForkedBooter - The following 1 profile is active: "test"
2026-08-30 15:11:58.196 [main] INFO  o.s.d.r.config.RepositoryConfigurationDelegate - Multiple Spring Data modules found, entering strict repository configuration mode
2026-08-30 15:11:58.197 [main] INFO  o.s.d.r.config.RepositoryConfigurationDelegate - Bootstrapping Spring Data Redis repositories in DEFAULT mode.
2026-08-30 15:11:58.205 [main] INFO  o.s.d.r.config.RepositoryConfigurationDelegate - Finished Spring Data repository scanning in 6 ms. Found 0 Redis repository interfaces.
2026-08-30 15:11:58.249 [main] INFO  com.mytransitgps.config.RedisConfig - Redis StringRedisTemplate初始化完成
2026-08-30 15:11:58.253 [main] INFO  com.mytransitgps.config.RedisConfig - Redis byte[] RedisTemplate初始化完成
2026-08-30 15:11:58.254 [main] INFO  com.mytransitgps.gtfs.config.GtfsFeedRegistry - GTFS Feed注册表初始化完成，feedCount=5，enabledFeedCount=5
2026-08-30 15:11:58.298 [main] INFO  org.apache.maven.surefire.booter.ForkedBooter - Started ForkedBooter in 0.278 seconds (process running for 3.17)
2026-08-30 15:11:58.298 [main] INFO  c.m.config.RedisStartupConnectionChecker - Redis启动连通性检查未启用，跳过启动Ping
2026-08-30 15:11:58.298 [main] INFO  c.m.config.ApplicationStartupLoggingListener - Spring Context初始化完成，activeProfiles=test
2026-08-30 15:11:58.299 [main] INFO  c.m.config.ApplicationStartupLoggingListener - MYTrafficDataHub启动配置：profiles=test，serverPort=8080，databaseEnabled=false，dbTestEnabled=false，multicityTestEnabled=false，continuousEnabled=false，dailyArchiveEnabled=false，redisStartupCheckEnabled=false，workspaceRoot=C:\Users\DELL\AppData\Local\Temp\junit-10423149463814942361
2026-08-30 15:11:58.299 [main] INFO  c.m.config.ApplicationStartupLoggingListener - 交通模块状态：busGpsEnabled=true，busGpsFeedCount=5，ciqEnabled=false，ciqScheduleEnabled=false，ciqTrafficSpeedEnabled=false，ciqArchiveEnabled=true，ciqDatabaseWriteEnabled=false，ltaAccountKeyConfigured=false
2026-08-30 15:11:58.299 [main] INFO  c.m.config.ApplicationStartupLoggingListener - 当前未启用自动多城市连续采集，服务处于待命状态
2026-08-30 15:11:58.299 [main] INFO  c.m.config.ApplicationStartupLoggingListener - MYTrafficDataHub服务已就绪，稳定模块=MYTransitGPS
2026-08-30 15:11:58.302 [main] INFO  c.m.config.ApplicationStartupLoggingListener - MYTrafficDataHub正在关闭
2026-08-30 15:11:58.302 [main] INFO  c.m.config.ApplicationStartupLoggingListener - MYTrafficDataHub已完成关闭流程
2026-08-30 15:11:58.358 [main] INFO  org.apache.maven.surefire.booter.ForkedBooter - Starting ForkedBooter v3.5.4 using Java 17.0.20.1 with PID 17240 (started by DELL in C:\Users\DELL\Desktop\MYTrafficDataHub_20260829\Application)
2026-08-30 15:11:58.359 [main] INFO  org.apache.maven.surefire.booter.ForkedBooter - The following 1 profile is active: "test"
2026-08-30 15:11:58.468 [main] INFO  o.s.d.r.config.RepositoryConfigurationDelegate - Multiple Spring Data modules found, entering strict repository configuration mode
2026-08-30 15:11:58.468 [main] INFO  o.s.d.r.config.RepositoryConfigurationDelegate - Bootstrapping Spring Data Redis repositories in DEFAULT mode.
2026-08-30 15:11:58.475 [main] INFO  o.s.d.r.config.RepositoryConfigurationDelegate - Finished Spring Data repository scanning in 5 ms. Found 0 Redis repository interfaces.
2026-08-30 15:11:58.511 [main] INFO  com.mytransitgps.config.RedisConfig - Redis StringRedisTemplate初始化完成
2026-08-30 15:11:58.515 [main] INFO  com.mytransitgps.config.RedisConfig - Redis byte[] RedisTemplate初始化完成
2026-08-30 15:11:58.517 [main] INFO  com.mytransitgps.gtfs.config.GtfsFeedRegistry - GTFS Feed注册表初始化完成，feedCount=5，enabledFeedCount=5
2026-08-30 15:11:58.553 [main] INFO  org.apache.maven.surefire.booter.ForkedBooter - Started ForkedBooter in 0.238 seconds (process running for 3.426)
2026-08-30 15:11:58.554 [main] INFO  c.m.config.RedisStartupConnectionChecker - Redis启动连通性检查未启用，跳过启动Ping
2026-08-30 15:11:58.554 [main] INFO  c.m.config.ApplicationStartupLoggingListener - Spring Context初始化完成，activeProfiles=test
2026-08-30 15:11:58.555 [main] INFO  c.m.config.ApplicationStartupLoggingListener - MYTrafficDataHub启动配置：profiles=test，serverPort=8080，databaseEnabled=false，dbTestEnabled=false，multicityTestEnabled=false，continuousEnabled=false，dailyArchiveEnabled=false，redisStartupCheckEnabled=false，workspaceRoot=C:\Users\DELL\AppData\Local\Temp\junit-459463262871399909
2026-08-30 15:11:58.555 [main] INFO  c.m.config.ApplicationStartupLoggingListener - 交通模块状态：busGpsEnabled=true，busGpsFeedCount=5，ciqEnabled=true，ciqScheduleEnabled=false，ciqTrafficSpeedEnabled=false，ciqArchiveEnabled=false，ciqDatabaseWriteEnabled=false，ltaAccountKeyConfigured=false
2026-08-30 15:11:58.555 [main] INFO  c.m.config.ApplicationStartupLoggingListener - 当前未启用自动多城市连续采集，服务处于待命状态
2026-08-30 15:11:58.555 [main] INFO  c.m.config.ApplicationStartupLoggingListener - MYTrafficDataHub服务已就绪，稳定模块=MYTransitGPS
2026-08-30 15:11:58.556 [main] INFO  c.m.persistence.service.WorkspaceRootResolver - MYTrafficDataHub 工作区根目录解析完成，source=CONFIGURED，workspaceRoot=C:\Users\DELL\AppData\Local\Temp\junit-459463262871399909
2026-08-30 15:11:58.562 [main] INFO  c.m.modules.ciq.storage.CiqDirectoryInitializer - CIQ每日八接口目录初始化完成，trigger=APPLICATION_READY，date=2026-08-30，apiFolderCount=8，path=C:\Users\DELL\AppData\Local\Temp\junit-459463262871399909\CIQ\20260830
2026-08-30 15:11:58.562 [main] INFO  c.m.config.ApplicationStartupLoggingListener - MYTrafficDataHub正在关闭
2026-08-30 15:11:58.563 [main] INFO  c.m.config.ApplicationStartupLoggingListener - MYTrafficDataHub已完成关闭流程
2026-08-30 15:11:58.630 [main] INFO  o.s.t.c.s.AnnotationConfigContextLoaderUtils - Could not detect default configuration classes for test class [com.mytransitgps.MyBatisDatabaseEnabledContextTest]: MyBatisDatabaseEnabledContextTest does not declare any static, non-private, non-final, nested classes annotated with @Configuration.
2026-08-30 15:11:58.653 [main] INFO  o.s.b.t.c.SpringBootTestContextBootstrapper - Found @SpringBootConfiguration com.mytransitgps.MyTrafficDataHubApplication for test class com.mytransitgps.MyBatisDatabaseEnabledContextTest
2026-08-30 15:11:58.730 [main] INFO  c.mytransitgps.MyBatisDatabaseEnabledContextTest - Starting MyBatisDatabaseEnabledContextTest using Java 17.0.20.1 with PID 17240 (started by DELL in C:\Users\DELL\Desktop\MYTrafficDataHub_20260829\Application)
2026-08-30 15:11:58.731 [main] INFO  c.mytransitgps.MyBatisDatabaseEnabledContextTest - The following 1 profile is active: "test"
2026-08-30 15:11:58.894 [main] INFO  o.s.d.r.config.RepositoryConfigurationDelegate - Multiple Spring Data modules found, entering strict repository configuration mode
2026-08-30 15:11:58.894 [main] INFO  o.s.d.r.config.RepositoryConfigurationDelegate - Bootstrapping Spring Data Redis repositories in DEFAULT mode.
2026-08-30 15:11:58.901 [main] INFO  o.s.d.r.config.RepositoryConfigurationDelegate - Finished Spring Data repository scanning in 5 ms. Found 0 Redis repository interfaces.
2026-08-30 15:11:59.001 [main] INFO  com.mytransitgps.config.RedisConfig - Redis StringRedisTemplate初始化完成
2026-08-30 15:11:59.049 [main] INFO  c.m.persistence.config.MyBatisDatabaseConfig - MYTransitGPS MyBatis 数据库配置已初始化，城市 Schema 路由已启用
2026-08-30 15:11:59.715 [main] INFO  com.mytransitgps.config.RedisConfig - Redis byte[] RedisTemplate初始化完成
2026-08-30 15:11:59.716 [main] INFO  com.mytransitgps.gtfs.config.GtfsFeedRegistry - GTFS Feed注册表初始化完成，feedCount=5，enabledFeedCount=5
2026-08-30 15:11:59.724 [main] INFO  c.b.m.e.s.MybatisPlusApplicationContextAware - Register ApplicationContext instances org.springframework.context.annotation.AnnotationConfigApplicationContext@69ae7632
2026-08-30 15:11:59.772 [main] INFO  c.mytransitgps.MyBatisDatabaseEnabledContextTest - Started MyBatisDatabaseEnabledContextTest in 1.09 seconds (process running for 4.645)
2026-08-30 15:11:59.772 [main] INFO  c.m.config.RedisStartupConnectionChecker - Redis启动连通性检查未启用，跳过启动Ping
2026-08-30 15:11:59.773 [main] INFO  c.m.config.ApplicationStartupLoggingListener - Spring Context初始化完成，activeProfiles=test
2026-08-30 15:11:59.773 [main] INFO  c.m.config.ApplicationStartupLoggingListener - MYTrafficDataHub启动配置：profiles=test，serverPort=8080，databaseEnabled=true，dbTestEnabled=false，multicityTestEnabled=false，continuousEnabled=false，dailyArchiveEnabled=false，redisStartupCheckEnabled=false，workspaceRoot=..
2026-08-30 15:11:59.773 [main] INFO  c.m.config.ApplicationStartupLoggingListener - 交通模块状态：busGpsEnabled=true，busGpsFeedCount=5，ciqEnabled=false，ciqScheduleEnabled=false，ciqTrafficSpeedEnabled=false，ciqArchiveEnabled=true，ciqDatabaseWriteEnabled=false，ltaAccountKeyConfigured=false
2026-08-30 15:11:59.773 [main] INFO  c.m.config.ApplicationStartupLoggingListener - 当前未启用自动多城市连续采集，服务处于待命状态
2026-08-30 15:11:59.773 [main] INFO  c.m.config.ApplicationStartupLoggingListener - MYTrafficDataHub服务已就绪，稳定模块=MYTransitGPS
2026-08-30 15:12:01.177 [main] INFO  o.s.t.c.s.AnnotationConfigContextLoaderUtils - Could not detect default configuration classes for test class [com.mytransitgps.MyTrafficDataHubApplicationTests]: MyTrafficDataHubApplicationTests does not declare any static, non-private, non-final, nested classes annotated with @Configuration.
2026-08-30 15:12:01.179 [main] INFO  o.s.b.t.c.SpringBootTestContextBootstrapper - Found @SpringBootConfiguration com.mytransitgps.MyTrafficDataHubApplication for test class com.mytransitgps.MyTrafficDataHubApplicationTests
2026-08-30 15:12:01.182 [main] INFO  c.m.config.ApplicationStartupLoggingListener - MYTrafficDataHub已完成关闭流程
2026-08-30 15:12:01.227 [main] INFO  c.mytransitgps.MyTrafficDataHubApplicationTests - Starting MyTrafficDataHubApplicationTests using Java 17.0.20.1 with PID 17240 (started by DELL in C:\Users\DELL\Desktop\MYTrafficDataHub_20260829\Application)
2026-08-30 15:12:01.227 [main] INFO  c.mytransitgps.MyTrafficDataHubApplicationTests - The following 1 profile is active: "test"
2026-08-30 15:12:01.429 [main] INFO  o.s.d.r.config.RepositoryConfigurationDelegate - Multiple Spring Data modules found, entering strict repository configuration mode
2026-08-30 15:12:01.429 [main] INFO  o.s.d.r.config.RepositoryConfigurationDelegate - Bootstrapping Spring Data Redis repositories in DEFAULT mode.
2026-08-30 15:12:01.435 [main] INFO  o.s.d.r.config.RepositoryConfigurationDelegate - Finished Spring Data repository scanning in 4 ms. Found 0 Redis repository interfaces.
2026-08-30 15:12:01.543 [main] INFO  com.mytransitgps.config.RedisConfig - Redis StringRedisTemplate初始化完成
2026-08-30 15:12:01.548 [main] INFO  com.mytransitgps.config.RedisConfig - Redis byte[] RedisTemplate初始化完成
2026-08-30 15:12:01.550 [main] INFO  com.mytransitgps.gtfs.config.GtfsFeedRegistry - GTFS Feed注册表初始化完成，feedCount=5，enabledFeedCount=5
2026-08-30 15:12:02.031 [main] INFO  c.b.m.e.s.MybatisPlusApplicationContextAware - Register ApplicationContext instances org.springframework.web.context.support.GenericWebApplicationContext@63f093a
2026-08-30 15:12:02.117 [main] INFO  c.mytransitgps.MyTrafficDataHubApplicationTests - Started MyTrafficDataHubApplicationTests in 0.93 seconds (process running for 6.99)
2026-08-30 15:12:02.118 [main] INFO  c.m.config.RedisStartupConnectionChecker - Redis启动连通性检查未启用，跳过启动Ping
2026-08-30 15:12:02.118 [main] INFO  c.m.config.ApplicationStartupLoggingListener - Spring Context初始化完成，activeProfiles=test
2026-08-30 15:12:02.118 [main] INFO  c.m.config.ApplicationStartupLoggingListener - MYTrafficDataHub启动配置：profiles=test，serverPort=8080，databaseEnabled=false，dbTestEnabled=false，multicityTestEnabled=false，continuousEnabled=false，dailyArchiveEnabled=false，redisStartupCheckEnabled=false，workspaceRoot=C:/MYTrafficDataHubData
2026-08-30 15:12:02.118 [main] INFO  c.m.config.ApplicationStartupLoggingListener - 交通模块状态：busGpsEnabled=true，busGpsFeedCount=5，ciqEnabled=false，ciqScheduleEnabled=false，ciqTrafficSpeedEnabled=false，ciqArchiveEnabled=true，ciqDatabaseWriteEnabled=false，ltaAccountKeyConfigured=false
2026-08-30 15:12:02.118 [main] INFO  c.m.config.ApplicationStartupLoggingListener - 当前未启用自动多城市连续采集，服务处于待命状态
2026-08-30 15:12:02.119 [main] INFO  c.m.config.ApplicationStartupLoggingListener - MYTrafficDataHub服务已就绪，稳定模块=MYTransitGPS
2026-08-30 15:12:02.144 [main] INFO  o.s.t.c.s.AnnotationConfigContextLoaderUtils - Could not detect default configuration classes for test class [com.mytransitgps.platform.PlatformConfigurationTest]: PlatformConfigurationTest does not declare any static, non-private, non-final, nested classes annotated with @Configuration.
2026-08-30 15:12:02.156 [main] INFO  o.s.b.t.c.SpringBootTestContextBootstrapper - Found @SpringBootConfiguration com.mytransitgps.MyTrafficDataHubApplication for test class com.mytransitgps.platform.PlatformConfigurationTest
2026-08-30 15:12:02.159 [main] INFO  c.m.config.ApplicationStartupLoggingListener - MYTrafficDataHub已完成关闭流程
2026-08-30 15:12:02.201 [main] INFO  c.m.platform.PlatformConfigurationTest - Starting PlatformConfigurationTest using Java 17.0.20.1 with PID 17240 (started by DELL in C:\Users\DELL\Desktop\MYTrafficDataHub_20260829\Application)
2026-08-30 15:12:02.202 [main] INFO  c.m.platform.PlatformConfigurationTest - The following 1 profile is active: "test"
2026-08-30 15:12:02.317 [main] INFO  o.s.d.r.config.RepositoryConfigurationDelegate - Multiple Spring Data modules found, entering strict repository configuration mode
2026-08-30 15:12:02.318 [main] INFO  o.s.d.r.config.RepositoryConfigurationDelegate - Bootstrapping Spring Data Redis repositories in DEFAULT mode.
2026-08-30 15:12:02.333 [main] INFO  o.s.d.r.config.RepositoryConfigurationDelegate - Finished Spring Data repository scanning in 13 ms. Found 0 Redis repository interfaces.
2026-08-30 15:12:02.380 [main] INFO  com.mytransitgps.config.RedisConfig - Redis StringRedisTemplate初始化完成
2026-08-30 15:12:02.383 [main] INFO  com.mytransitgps.config.RedisConfig - Redis byte[] RedisTemplate初始化完成
2026-08-30 15:12:02.384 [main] INFO  com.mytransitgps.gtfs.config.GtfsFeedRegistry - GTFS Feed注册表初始化完成，feedCount=5，enabledFeedCount=5
2026-08-30 15:12:02.593 [main] INFO  c.b.m.e.s.MybatisPlusApplicationContextAware - Register ApplicationContext instances org.springframework.web.context.support.GenericWebApplicationContext@37669c4
2026-08-30 15:12:02.626 [main] INFO  c.m.platform.PlatformConfigurationTest - Started PlatformConfigurationTest in 0.465 seconds (process running for 7.499)
2026-08-30 15:12:02.626 [main] INFO  c.m.config.RedisStartupConnectionChecker - Redis启动连通性检查未启用，跳过启动Ping
2026-08-30 15:12:02.627 [main] INFO  c.m.config.ApplicationStartupLoggingListener - Spring Context初始化完成，activeProfiles=test
2026-08-30 15:12:02.627 [main] INFO  c.m.config.ApplicationStartupLoggingListener - MYTrafficDataHub启动配置：profiles=test，serverPort=8080，databaseEnabled=false，dbTestEnabled=false，multicityTestEnabled=false，continuousEnabled=false，dailyArchiveEnabled=true，redisStartupCheckEnabled=false，workspaceRoot=C:/MYTrafficDataHubData
2026-08-30 15:12:02.627 [main] INFO  c.m.config.ApplicationStartupLoggingListener - 交通模块状态：busGpsEnabled=true，busGpsFeedCount=5，ciqEnabled=false，ciqScheduleEnabled=false，ciqTrafficSpeedEnabled=false，ciqArchiveEnabled=true，ciqDatabaseWriteEnabled=false，ltaAccountKeyConfigured=false
2026-08-30 15:12:02.627 [main] INFO  c.m.config.ApplicationStartupLoggingListener - 当前未启用自动多城市连续采集，服务处于待命状态
2026-08-30 15:12:02.627 [main] INFO  c.m.config.ApplicationStartupLoggingListener - MYTrafficDataHub服务已就绪，稳定模块=MYTransitGPS
2026-08-30 15:12:02.630 [main] INFO  com.mytransitgps.gtfs.config.GtfsFeedRegistry - GTFS Feed注册表初始化完成，feedCount=5，enabledFeedCount=5
2026-08-30 15:12:02.652 [SpringApplicationShutdownHook] INFO  c.m.config.ApplicationStartupLoggingListener - MYTrafficDataHub正在关闭
2026-08-30 15:12:02.656 [SpringApplicationShutdownHook] INFO  c.m.config.ApplicationStartupLoggingListener - MYTrafficDataHub正在关闭
2026-08-30 15:12:02.659 [SpringApplicationShutdownHook] INFO  c.m.config.ApplicationStartupLoggingListener - MYTrafficDataHub正在关闭
2026-08-30 15:12:02.660 [SpringApplicationShutdownHook] INFO  c.m.config.ApplicationStartupLoggingListener - MYTrafficDataHub已完成关闭流程
