2026-08-31 00:00:02.016 [scheduling-1] ERROR c.m.m.ciq.collector.CiqTrafficSpeedCollector - CIQ API01 [DB-N99] 数据库节点失败，本轮后续继续完整Raw采集，runUid=e4c7040e-b5b1-416b-95f2-7a490658de2c，page=28，message=class java.lang.Integer cannot be cast to class java.lang.Short (java.lang.Integer and java.lang.Short are in module java.base of loader 'bootstrap')
java.lang.ClassCastException: class java.lang.Integer cannot be cast to class java.lang.Short (java.lang.Integer and java.lang.Short are in module java.base of loader 'bootstrap')
	at com.mytransitgps.modules.ciq.persistence.CiqTrafficSpeedPersistenceService.lambda$existingLinks$1(CiqTrafficSpeedPersistenceService.java:242)
	at org.springframework.jdbc.core.JdbcTemplate.lambda$query$0(JdbcTemplate.java:739)
	at org.springframework.jdbc.core.JdbcTemplate.execute(JdbcTemplate.java:670)
	at org.springframework.jdbc.core.JdbcTemplate.query(JdbcTemplate.java:732)
	at org.springframework.jdbc.core.JdbcTemplate.query(JdbcTemplate.java:757)
	at org.springframework.jdbc.core.JdbcTemplate.query(JdbcTemplate.java:773)
	at com.mytransitgps.modules.ciq.persistence.CiqTrafficSpeedPersistenceService.existingLinks(CiqTrafficSpeedPersistenceService.java:238)
	at com.mytransitgps.modules.ciq.persistence.CiqTrafficSpeedPersistenceService.persistBatch(CiqTrafficSpeedPersistenceService.java:176)
	at com.mytransitgps.modules.ciq.persistence.CiqTrafficSpeedPersistenceService.persistPage(CiqTrafficSpeedPersistenceService.java:133)
	at jdk.internal.reflect.GeneratedMethodAccessor92.invoke(Unknown Source)
	at java.base/jdk.internal.reflect.DelegatingMethodAccessorImpl.invoke(DelegatingMethodAccessorImpl.java:43)
	at java.base/java.lang.reflect.Method.invoke(Method.java:569)
	at org.springframework.aop.support.AopUtils.invokeJoinpointUsingReflection(AopUtils.java:359)
	at org.springframework.aop.framework.ReflectiveMethodInvocation.invokeJoinpoint(ReflectiveMethodInvocation.java:190)
	at org.springframework.aop.framework.ReflectiveMethodInvocation.proceed(ReflectiveMethodInvocation.java:158)
	at org.springframework.transaction.interceptor.TransactionInterceptor$1.proceedWithInvocation(TransactionInterceptor.java:133)
	at org.springframework.transaction.interceptor.TransactionAspectSupport.invokeWithinTransaction(TransactionAspectSupport.java:371)
	at org.springframework.transaction.interceptor.TransactionInterceptor.invoke(TransactionInterceptor.java:130)
	at org.springframework.aop.framework.ReflectiveMethodInvocation.proceed(ReflectiveMethodInvocation.java:179)
	at org.springframework.aop.framework.CglibAopProxy$DynamicAdvisedInterceptor.intercept(CglibAopProxy.java:719)
	at com.mytransitgps.modules.ciq.persistence.CiqTrafficSpeedPersistenceService$$SpringCGLIB$$0.persistPage(<generated>)
	at com.mytransitgps.modules.ciq.collector.CiqTrafficSpeedCollector.collect(CiqTrafficSpeedCollector.java:110)
	at com.mytransitgps.platform.collection.CollectionExecutor.execute(CollectionExecutor.java:32)
	at com.mytransitgps.modules.ciq.scheduler.CiqCollectionScheduler.collectTrafficSpeed(CiqCollectionScheduler.java:49)
	at java.base/jdk.internal.reflect.NativeMethodAccessorImpl.invoke0(Native Method)
	at java.base/jdk.internal.reflect.NativeMethodAccessorImpl.invoke(NativeMethodAccessorImpl.java:77)
	at java.base/jdk.internal.reflect.DelegatingMethodAccessorImpl.invoke(DelegatingMethodAccessorImpl.java:43)
	at java.base/java.lang.reflect.Method.invoke(Method.java:569)
	at org.springframework.scheduling.support.ScheduledMethodRunnable.runInternal(ScheduledMethodRunnable.java:128)
	at org.springframework.scheduling.support.ScheduledMethodRunnable.lambda$run$1(ScheduledMethodRunnable.java:122)
	at io.micrometer.observation.Observation.observe(Observation.java:564)
	at org.springframework.scheduling.support.ScheduledMethodRunnable.run(ScheduledMethodRunnable.java:122)
	at org.springframework.scheduling.config.Task$OutcomeTrackingRunnable.run(Task.java:88)
	at org.springframework.scheduling.support.DelegatingErrorHandlingRunnable.run(DelegatingErrorHandlingRunnable.java:54)
	at org.springframework.scheduling.concurrent.ReschedulingRunnable.run(ReschedulingRunnable.java:94)
	at java.base/java.util.concurrent.Executors$RunnableAdapter.call(Executors.java:539)
	at java.base/java.util.concurrent.FutureTask.run(FutureTask.java:264)
	at java.base/java.util.concurrent.ScheduledThreadPoolExecutor$ScheduledFutureTask.run(ScheduledThreadPoolExecutor.java:304)
	at java.base/java.util.concurrent.ThreadPoolExecutor.runWorker(ThreadPoolExecutor.java:1136)
	at java.base/java.util.concurrent.ThreadPoolExecutor$Worker.run(ThreadPoolExecutor.java:635)
	at java.base/java.lang.Thread.run(Thread.java:840)
2026-08-31 00:15:02.169 [scheduling-1] ERROR c.m.m.ciq.collector.CiqTrafficSpeedCollector - CIQ API01 [DB-N99] 数据库节点失败，本轮后续继续完整Raw采集，runUid=560e4154-a3c8-40d6-a192-6b1d44cb384d，page=28，message=class java.lang.Integer cannot be cast to class java.lang.Short (java.lang.Integer and java.lang.Short are in module java.base of loader 'bootstrap')
java.lang.ClassCastException: class java.lang.Integer cannot be cast to class java.lang.Short (java.lang.Integer and java.lang.Short are in module java.base of loader 'bootstrap')
	at com.mytransitgps.modules.ciq.persistence.CiqTrafficSpeedPersistenceService.lambda$existingLinks$1(CiqTrafficSpeedPersistenceService.java:242)
	at org.springframework.jdbc.core.JdbcTemplate.lambda$query$0(JdbcTemplate.java:739)
	at org.springframework.jdbc.core.JdbcTemplate.execute(JdbcTemplate.java:670)
	at org.springframework.jdbc.core.JdbcTemplate.query(JdbcTemplate.java:732)
	at org.springframework.jdbc.core.JdbcTemplate.query(JdbcTemplate.java:757)
	at org.springframework.jdbc.core.JdbcTemplate.query(JdbcTemplate.java:773)
	at com.mytransitgps.modules.ciq.persistence.CiqTrafficSpeedPersistenceService.existingLinks(CiqTrafficSpeedPersistenceService.java:238)
	at com.mytransitgps.modules.ciq.persistence.CiqTrafficSpeedPersistenceService.persistBatch(CiqTrafficSpeedPersistenceService.java:176)
	at com.mytransitgps.modules.ciq.persistence.CiqTrafficSpeedPersistenceService.persistPage(CiqTrafficSpeedPersistenceService.java:133)
	at jdk.internal.reflect.GeneratedMethodAccessor92.invoke(Unknown Source)
	at java.base/jdk.internal.reflect.DelegatingMethodAccessorImpl.invoke(DelegatingMethodAccessorImpl.java:43)
	at java.base/java.lang.reflect.Method.invoke(Method.java:569)
	at org.springframework.aop.support.AopUtils.invokeJoinpointUsingReflection(AopUtils.java:359)
	at org.springframework.aop.framework.ReflectiveMethodInvocation.invokeJoinpoint(ReflectiveMethodInvocation.java:190)
	at org.springframework.aop.framework.ReflectiveMethodInvocation.proceed(ReflectiveMethodInvocation.java:158)
	at org.springframework.transaction.interceptor.TransactionInterceptor$1.proceedWithInvocation(TransactionInterceptor.java:133)
	at org.springframework.transaction.interceptor.TransactionAspectSupport.invokeWithinTransaction(TransactionAspectSupport.java:371)
	at org.springframework.transaction.interceptor.TransactionInterceptor.invoke(TransactionInterceptor.java:130)
	at org.springframework.aop.framework.ReflectiveMethodInvocation.proceed(ReflectiveMethodInvocation.java:179)
	at org.springframework.aop.framework.CglibAopProxy$DynamicAdvisedInterceptor.intercept(CglibAopProxy.java:719)
	at com.mytransitgps.modules.ciq.persistence.CiqTrafficSpeedPersistenceService$$SpringCGLIB$$0.persistPage(<generated>)
	at com.mytransitgps.modules.ciq.collector.CiqTrafficSpeedCollector.collect(CiqTrafficSpeedCollector.java:110)
	at com.mytransitgps.platform.collection.CollectionExecutor.execute(CollectionExecutor.java:32)
	at com.mytransitgps.modules.ciq.scheduler.CiqCollectionScheduler.collectTrafficSpeed(CiqCollectionScheduler.java:49)
	at java.base/jdk.internal.reflect.NativeMethodAccessorImpl.invoke0(Native Method)
	at java.base/jdk.internal.reflect.NativeMethodAccessorImpl.invoke(NativeMethodAccessorImpl.java:77)
	at java.base/jdk.internal.reflect.DelegatingMethodAccessorImpl.invoke(DelegatingMethodAccessorImpl.java:43)
	at java.base/java.lang.reflect.Method.invoke(Method.java:569)
	at org.springframework.scheduling.support.ScheduledMethodRunnable.runInternal(ScheduledMethodRunnable.java:128)
	at org.springframework.scheduling.support.ScheduledMethodRunnable.lambda$run$1(ScheduledMethodRunnable.java:122)
	at io.micrometer.observation.Observation.observe(Observation.java:564)
	at org.springframework.scheduling.support.ScheduledMethodRunnable.run(ScheduledMethodRunnable.java:122)
	at org.springframework.scheduling.config.Task$OutcomeTrackingRunnable.run(Task.java:88)
	at org.springframework.scheduling.support.DelegatingErrorHandlingRunnable.run(DelegatingErrorHandlingRunnable.java:54)
	at org.springframework.scheduling.concurrent.ReschedulingRunnable.run(ReschedulingRunnable.java:94)
	at java.base/java.util.concurrent.Executors$RunnableAdapter.call(Executors.java:539)
	at java.base/java.util.concurrent.FutureTask.run(FutureTask.java:264)
	at java.base/java.util.concurrent.ScheduledThreadPoolExecutor$ScheduledFutureTask.run(ScheduledThreadPoolExecutor.java:304)
	at java.base/java.util.concurrent.ThreadPoolExecutor.runWorker(ThreadPoolExecutor.java:1136)
	at java.base/java.util.concurrent.ThreadPoolExecutor$Worker.run(ThreadPoolExecutor.java:635)
	at java.base/java.lang.Thread.run(Thread.java:840)
2026-08-31 00:30:02.440 [scheduling-1] ERROR c.m.m.ciq.collector.CiqTrafficSpeedCollector - CIQ API01 [DB-N99] 数据库节点失败，本轮后续继续完整Raw采集，runUid=2feaa4dd-0a65-4e8c-ad33-3fa489443d5c，page=28，message=class java.lang.Integer cannot be cast to class java.lang.Short (java.lang.Integer and java.lang.Short are in module java.base of loader 'bootstrap')
java.lang.ClassCastException: class java.lang.Integer cannot be cast to class java.lang.Short (java.lang.Integer and java.lang.Short are in module java.base of loader 'bootstrap')
	at com.mytransitgps.modules.ciq.persistence.CiqTrafficSpeedPersistenceService.lambda$existingLinks$1(CiqTrafficSpeedPersistenceService.java:242)
	at org.springframework.jdbc.core.JdbcTemplate.lambda$query$0(JdbcTemplate.java:739)
	at org.springframework.jdbc.core.JdbcTemplate.execute(JdbcTemplate.java:670)
	at org.springframework.jdbc.core.JdbcTemplate.query(JdbcTemplate.java:732)
	at org.springframework.jdbc.core.JdbcTemplate.query(JdbcTemplate.java:757)
	at org.springframework.jdbc.core.JdbcTemplate.query(JdbcTemplate.java:773)
	at com.mytransitgps.modules.ciq.persistence.CiqTrafficSpeedPersistenceService.existingLinks(CiqTrafficSpeedPersistenceService.java:238)
	at com.mytransitgps.modules.ciq.persistence.CiqTrafficSpeedPersistenceService.persistBatch(CiqTrafficSpeedPersistenceService.java:176)
	at com.mytransitgps.modules.ciq.persistence.CiqTrafficSpeedPersistenceService.persistPage(CiqTrafficSpeedPersistenceService.java:133)
	at jdk.internal.reflect.GeneratedMethodAccessor92.invoke(Unknown Source)
	at java.base/jdk.internal.reflect.DelegatingMethodAccessorImpl.invoke(DelegatingMethodAccessorImpl.java:43)
	at java.base/java.lang.reflect.Method.invoke(Method.java:569)
	at org.springframework.aop.support.AopUtils.invokeJoinpointUsingReflection(AopUtils.java:359)
	at org.springframework.aop.framework.ReflectiveMethodInvocation.invokeJoinpoint(ReflectiveMethodInvocation.java:190)
	at org.springframework.aop.framework.ReflectiveMethodInvocation.proceed(ReflectiveMethodInvocation.java:158)
	at org.springframework.transaction.interceptor.TransactionInterceptor$1.proceedWithInvocation(TransactionInterceptor.java:133)
	at org.springframework.transaction.interceptor.TransactionAspectSupport.invokeWithinTransaction(TransactionAspectSupport.java:371)
	at org.springframework.transaction.interceptor.TransactionInterceptor.invoke(TransactionInterceptor.java:130)
	at org.springframework.aop.framework.ReflectiveMethodInvocation.proceed(ReflectiveMethodInvocation.java:179)
	at org.springframework.aop.framework.CglibAopProxy$DynamicAdvisedInterceptor.intercept(CglibAopProxy.java:719)
	at com.mytransitgps.modules.ciq.persistence.CiqTrafficSpeedPersistenceService$$SpringCGLIB$$0.persistPage(<generated>)
	at com.mytransitgps.modules.ciq.collector.CiqTrafficSpeedCollector.collect(CiqTrafficSpeedCollector.java:110)
	at com.mytransitgps.platform.collection.CollectionExecutor.execute(CollectionExecutor.java:32)
	at com.mytransitgps.modules.ciq.scheduler.CiqCollectionScheduler.collectTrafficSpeed(CiqCollectionScheduler.java:49)
	at java.base/jdk.internal.reflect.NativeMethodAccessorImpl.invoke0(Native Method)
	at java.base/jdk.internal.reflect.NativeMethodAccessorImpl.invoke(NativeMethodAccessorImpl.java:77)
	at java.base/jdk.internal.reflect.DelegatingMethodAccessorImpl.invoke(DelegatingMethodAccessorImpl.java:43)
	at java.base/java.lang.reflect.Method.invoke(Method.java:569)
	at org.springframework.scheduling.support.ScheduledMethodRunnable.runInternal(ScheduledMethodRunnable.java:128)
	at org.springframework.scheduling.support.ScheduledMethodRunnable.lambda$run$1(ScheduledMethodRunnable.java:122)
	at io.micrometer.observation.Observation.observe(Observation.java:564)
	at org.springframework.scheduling.support.ScheduledMethodRunnable.run(ScheduledMethodRunnable.java:122)
	at org.springframework.scheduling.config.Task$OutcomeTrackingRunnable.run(Task.java:88)
	at org.springframework.scheduling.support.DelegatingErrorHandlingRunnable.run(DelegatingErrorHandlingRunnable.java:54)
	at org.springframework.scheduling.concurrent.ReschedulingRunnable.run(ReschedulingRunnable.java:94)
	at java.base/java.util.concurrent.Executors$RunnableAdapter.call(Executors.java:539)
	at java.base/java.util.concurrent.FutureTask.run(FutureTask.java:264)
	at java.base/java.util.concurrent.ScheduledThreadPoolExecutor$ScheduledFutureTask.run(ScheduledThreadPoolExecutor.java:304)
	at java.base/java.util.concurrent.ThreadPoolExecutor.runWorker(ThreadPoolExecutor.java:1136)
	at java.base/java.util.concurrent.ThreadPoolExecutor$Worker.run(ThreadPoolExecutor.java:635)
	at java.base/java.lang.Thread.run(Thread.java:840)
2026-08-31 00:41:08.969 [mytransitgps-continuous-collector] ERROR c.m.p.service.MulticityDatabaseTenMinuteRunner - 多城市采集运行锁冲突，lockName=multicity_continuous.lock
2026-08-31 00:41:08.970 [mytransitgps-continuous-collector] ERROR c.m.p.s.MulticityContinuousCollectionLifecycle - 无固定时长连续多城市采集Run失败，将在配置的延迟后重新启动，错误信息=Multicity DB test is already running: C:\Users\DELL\Desktop\MYTrafficDataHub_20260829\data_download\runtime\multicity_continuous.lock
java.lang.IllegalStateException: Multicity DB test is already running: C:\Users\DELL\Desktop\MYTrafficDataHub_20260829\data_download\runtime\multicity_continuous.lock
	at com.mytransitgps.persistence.service.MulticityDatabaseTenMinuteRunner.acquireLock(MulticityDatabaseTenMinuteRunner.java:562)
	at com.mytransitgps.persistence.service.MulticityDatabaseTenMinuteRunner.runContinuous(MulticityDatabaseTenMinuteRunner.java:112)
	at com.mytransitgps.persistence.service.MulticityContinuousCollectionLifecycle.runLoop(MulticityContinuousCollectionLifecycle.java:78)
	at java.base/java.util.concurrent.Executors$RunnableAdapter.call(Executors.java:539)
	at java.base/java.util.concurrent.FutureTask.run(FutureTask.java:264)
	at java.base/java.util.concurrent.ThreadPoolExecutor.runWorker(ThreadPoolExecutor.java:1136)
	at java.base/java.util.concurrent.ThreadPoolExecutor$Worker.run(ThreadPoolExecutor.java:635)
	at java.base/java.lang.Thread.run(Thread.java:840)
2026-08-31 00:44:42.662 [mytransitgps-continuous-collector] ERROR c.m.p.service.MulticityDatabaseTenMinuteRunner - 多城市采集运行锁冲突，lockName=multicity_continuous.lock
2026-08-31 00:44:42.663 [mytransitgps-continuous-collector] ERROR c.m.p.s.MulticityContinuousCollectionLifecycle - 无固定时长连续多城市采集Run失败，将在配置的延迟后重新启动，错误信息=Multicity DB test is already running: C:\Users\DELL\Desktop\MYTrafficDataHub_20260829\data_download\runtime\multicity_continuous.lock
java.lang.IllegalStateException: Multicity DB test is already running: C:\Users\DELL\Desktop\MYTrafficDataHub_20260829\data_download\runtime\multicity_continuous.lock
	at com.mytransitgps.persistence.service.MulticityDatabaseTenMinuteRunner.acquireLock(MulticityDatabaseTenMinuteRunner.java:562)
	at com.mytransitgps.persistence.service.MulticityDatabaseTenMinuteRunner.runContinuous(MulticityDatabaseTenMinuteRunner.java:112)
	at com.mytransitgps.persistence.service.MulticityContinuousCollectionLifecycle.runLoop(MulticityContinuousCollectionLifecycle.java:78)
	at java.base/java.util.concurrent.Executors$RunnableAdapter.call(Executors.java:539)
	at java.base/java.util.concurrent.FutureTask.run(FutureTask.java:264)
	at java.base/java.util.concurrent.ThreadPoolExecutor.runWorker(ThreadPoolExecutor.java:1136)
	at java.base/java.util.concurrent.ThreadPoolExecutor$Worker.run(ThreadPoolExecutor.java:635)
	at java.base/java.lang.Thread.run(Thread.java:840)
2026-08-31 00:45:03.316 [scheduling-1] ERROR c.m.m.ciq.collector.CiqTrafficSpeedCollector - CIQ API01 [DB-N99] 数据库节点失败，本轮后续继续完整Raw采集，runUid=9adb6dc8-e07e-465b-a50a-7f3c4e5eedd7，page=28，message=class java.lang.Integer cannot be cast to class java.lang.Short (java.lang.Integer and java.lang.Short are in module java.base of loader 'bootstrap')
java.lang.ClassCastException: class java.lang.Integer cannot be cast to class java.lang.Short (java.lang.Integer and java.lang.Short are in module java.base of loader 'bootstrap')
	at com.mytransitgps.modules.ciq.persistence.CiqTrafficSpeedPersistenceService.lambda$existingLinks$10(CiqTrafficSpeedPersistenceService.java:242)
	at org.springframework.jdbc.core.JdbcTemplate.lambda$query$0(JdbcTemplate.java:739)
	at org.springframework.jdbc.core.JdbcTemplate.execute(JdbcTemplate.java:670)
	at org.springframework.jdbc.core.JdbcTemplate.query(JdbcTemplate.java:732)
	at org.springframework.jdbc.core.JdbcTemplate.query(JdbcTemplate.java:757)
	at org.springframework.jdbc.core.JdbcTemplate.query(JdbcTemplate.java:773)
	at com.mytransitgps.modules.ciq.persistence.CiqTrafficSpeedPersistenceService.existingLinks(CiqTrafficSpeedPersistenceService.java:238)
	at com.mytransitgps.modules.ciq.persistence.CiqTrafficSpeedPersistenceService.persistBatch(CiqTrafficSpeedPersistenceService.java:176)
	at com.mytransitgps.modules.ciq.persistence.CiqTrafficSpeedPersistenceService.persistPage(CiqTrafficSpeedPersistenceService.java:133)
	at jdk.internal.reflect.GeneratedMethodAccessor7.invoke(Unknown Source)
	at java.base/jdk.internal.reflect.DelegatingMethodAccessorImpl.invoke(DelegatingMethodAccessorImpl.java:43)
	at java.base/java.lang.reflect.Method.invoke(Method.java:569)
	at org.springframework.aop.support.AopUtils.invokeJoinpointUsingReflection(AopUtils.java:359)
	at org.springframework.aop.framework.ReflectiveMethodInvocation.invokeJoinpoint(ReflectiveMethodInvocation.java:190)
	at org.springframework.aop.framework.ReflectiveMethodInvocation.proceed(ReflectiveMethodInvocation.java:158)
	at org.springframework.transaction.interceptor.TransactionInterceptor$1.proceedWithInvocation(TransactionInterceptor.java:133)
	at org.springframework.transaction.interceptor.TransactionAspectSupport.invokeWithinTransaction(TransactionAspectSupport.java:371)
	at org.springframework.transaction.interceptor.TransactionInterceptor.invoke(TransactionInterceptor.java:130)
	at org.springframework.aop.framework.ReflectiveMethodInvocation.proceed(ReflectiveMethodInvocation.java:179)
	at org.springframework.aop.framework.CglibAopProxy$DynamicAdvisedInterceptor.intercept(CglibAopProxy.java:719)
	at com.mytransitgps.modules.ciq.persistence.CiqTrafficSpeedPersistenceService$$SpringCGLIB$$0.persistPage(<generated>)
	at com.mytransitgps.modules.ciq.collector.CiqTrafficSpeedCollector.collect(CiqTrafficSpeedCollector.java:119)
	at com.mytransitgps.platform.collection.CollectionExecutor.execute(CollectionExecutor.java:32)
	at com.mytransitgps.modules.ciq.scheduler.CiqCollectionScheduler.collectTrafficSpeed(CiqCollectionScheduler.java:49)
	at java.base/jdk.internal.reflect.NativeMethodAccessorImpl.invoke0(Native Method)
	at java.base/jdk.internal.reflect.NativeMethodAccessorImpl.invoke(NativeMethodAccessorImpl.java:77)
	at java.base/jdk.internal.reflect.DelegatingMethodAccessorImpl.invoke(DelegatingMethodAccessorImpl.java:43)
	at java.base/java.lang.reflect.Method.invoke(Method.java:569)
	at org.springframework.scheduling.support.ScheduledMethodRunnable.runInternal(ScheduledMethodRunnable.java:128)
	at org.springframework.scheduling.support.ScheduledMethodRunnable.lambda$run$1(ScheduledMethodRunnable.java:122)
	at io.micrometer.observation.Observation.observe(Observation.java:564)
	at org.springframework.scheduling.support.ScheduledMethodRunnable.run(ScheduledMethodRunnable.java:122)
	at org.springframework.scheduling.config.Task$OutcomeTrackingRunnable.run(Task.java:88)
	at org.springframework.scheduling.support.DelegatingErrorHandlingRunnable.run(DelegatingErrorHandlingRunnable.java:54)
	at org.springframework.scheduling.concurrent.ReschedulingRunnable.run(ReschedulingRunnable.java:94)
	at java.base/java.util.concurrent.Executors$RunnableAdapter.call(Executors.java:539)
	at java.base/java.util.concurrent.FutureTask.run(FutureTask.java:264)
	at java.base/java.util.concurrent.ScheduledThreadPoolExecutor$ScheduledFutureTask.run(ScheduledThreadPoolExecutor.java:304)
	at java.base/java.util.concurrent.ThreadPoolExecutor.runWorker(ThreadPoolExecutor.java:1136)
	at java.base/java.util.concurrent.ThreadPoolExecutor$Worker.run(ThreadPoolExecutor.java:635)
	at java.base/java.lang.Thread.run(Thread.java:840)
2026-08-31 00:45:12.672 [mytransitgps-continuous-collector] ERROR c.m.p.service.MulticityDatabaseTenMinuteRunner - 多城市采集运行锁冲突，lockName=multicity_continuous.lock
2026-08-31 00:45:12.672 [mytransitgps-continuous-collector] ERROR c.m.p.s.MulticityContinuousCollectionLifecycle - 无固定时长连续多城市采集Run失败，将在配置的延迟后重新启动，错误信息=Multicity DB test is already running: C:\Users\DELL\Desktop\MYTrafficDataHub_20260829\data_download\runtime\multicity_continuous.lock
java.lang.IllegalStateException: Multicity DB test is already running: C:\Users\DELL\Desktop\MYTrafficDataHub_20260829\data_download\runtime\multicity_continuous.lock
	at com.mytransitgps.persistence.service.MulticityDatabaseTenMinuteRunner.acquireLock(MulticityDatabaseTenMinuteRunner.java:562)
	at com.mytransitgps.persistence.service.MulticityDatabaseTenMinuteRunner.runContinuous(MulticityDatabaseTenMinuteRunner.java:112)
	at com.mytransitgps.persistence.service.MulticityContinuousCollectionLifecycle.runLoop(MulticityContinuousCollectionLifecycle.java:78)
	at java.base/java.util.concurrent.Executors$RunnableAdapter.call(Executors.java:539)
	at java.base/java.util.concurrent.FutureTask.run(FutureTask.java:264)
	at java.base/java.util.concurrent.ThreadPoolExecutor.runWorker(ThreadPoolExecutor.java:1136)
	at java.base/java.util.concurrent.ThreadPoolExecutor$Worker.run(ThreadPoolExecutor.java:635)
	at java.base/java.lang.Thread.run(Thread.java:840)
2026-08-31 00:45:42.689 [mytransitgps-continuous-collector] ERROR c.m.p.service.MulticityDatabaseTenMinuteRunner - 多城市采集运行锁冲突，lockName=multicity_continuous.lock
2026-08-31 00:45:42.689 [mytransitgps-continuous-collector] ERROR c.m.p.s.MulticityContinuousCollectionLifecycle - 无固定时长连续多城市采集Run失败，将在配置的延迟后重新启动，错误信息=Multicity DB test is already running: C:\Users\DELL\Desktop\MYTrafficDataHub_20260829\data_download\runtime\multicity_continuous.lock
java.lang.IllegalStateException: Multicity DB test is already running: C:\Users\DELL\Desktop\MYTrafficDataHub_20260829\data_download\runtime\multicity_continuous.lock
	at com.mytransitgps.persistence.service.MulticityDatabaseTenMinuteRunner.acquireLock(MulticityDatabaseTenMinuteRunner.java:562)
	at com.mytransitgps.persistence.service.MulticityDatabaseTenMinuteRunner.runContinuous(MulticityDatabaseTenMinuteRunner.java:112)
	at com.mytransitgps.persistence.service.MulticityContinuousCollectionLifecycle.runLoop(MulticityContinuousCollectionLifecycle.java:78)
	at java.base/java.util.concurrent.Executors$RunnableAdapter.call(Executors.java:539)
	at java.base/java.util.concurrent.FutureTask.run(FutureTask.java:264)
	at java.base/java.util.concurrent.ThreadPoolExecutor.runWorker(ThreadPoolExecutor.java:1136)
	at java.base/java.util.concurrent.ThreadPoolExecutor$Worker.run(ThreadPoolExecutor.java:635)
	at java.base/java.lang.Thread.run(Thread.java:840)
2026-08-31 00:46:12.704 [mytransitgps-continuous-collector] ERROR c.m.p.service.MulticityDatabaseTenMinuteRunner - 多城市采集运行锁冲突，lockName=multicity_continuous.lock
2026-08-31 00:46:12.704 [mytransitgps-continuous-collector] ERROR c.m.p.s.MulticityContinuousCollectionLifecycle - 无固定时长连续多城市采集Run失败，将在配置的延迟后重新启动，错误信息=Multicity DB test is already running: C:\Users\DELL\Desktop\MYTrafficDataHub_20260829\data_download\runtime\multicity_continuous.lock
java.lang.IllegalStateException: Multicity DB test is already running: C:\Users\DELL\Desktop\MYTrafficDataHub_20260829\data_download\runtime\multicity_continuous.lock
	at com.mytransitgps.persistence.service.MulticityDatabaseTenMinuteRunner.acquireLock(MulticityDatabaseTenMinuteRunner.java:562)
	at com.mytransitgps.persistence.service.MulticityDatabaseTenMinuteRunner.runContinuous(MulticityDatabaseTenMinuteRunner.java:112)
	at com.mytransitgps.persistence.service.MulticityContinuousCollectionLifecycle.runLoop(MulticityContinuousCollectionLifecycle.java:78)
	at java.base/java.util.concurrent.Executors$RunnableAdapter.call(Executors.java:539)
	at java.base/java.util.concurrent.FutureTask.run(FutureTask.java:264)
	at java.base/java.util.concurrent.ThreadPoolExecutor.runWorker(ThreadPoolExecutor.java:1136)
	at java.base/java.util.concurrent.ThreadPoolExecutor$Worker.run(ThreadPoolExecutor.java:635)
	at java.base/java.lang.Thread.run(Thread.java:840)
2026-08-31 00:46:42.715 [mytransitgps-continuous-collector] ERROR c.m.p.service.MulticityDatabaseTenMinuteRunner - 多城市采集运行锁冲突，lockName=multicity_continuous.lock
2026-08-31 00:46:42.716 [mytransitgps-continuous-collector] ERROR c.m.p.s.MulticityContinuousCollectionLifecycle - 无固定时长连续多城市采集Run失败，将在配置的延迟后重新启动，错误信息=Multicity DB test is already running: C:\Users\DELL\Desktop\MYTrafficDataHub_20260829\data_download\runtime\multicity_continuous.lock
java.lang.IllegalStateException: Multicity DB test is already running: C:\Users\DELL\Desktop\MYTrafficDataHub_20260829\data_download\runtime\multicity_continuous.lock
	at com.mytransitgps.persistence.service.MulticityDatabaseTenMinuteRunner.acquireLock(MulticityDatabaseTenMinuteRunner.java:562)
	at com.mytransitgps.persistence.service.MulticityDatabaseTenMinuteRunner.runContinuous(MulticityDatabaseTenMinuteRunner.java:112)
	at com.mytransitgps.persistence.service.MulticityContinuousCollectionLifecycle.runLoop(MulticityContinuousCollectionLifecycle.java:78)
	at java.base/java.util.concurrent.Executors$RunnableAdapter.call(Executors.java:539)
	at java.base/java.util.concurrent.FutureTask.run(FutureTask.java:264)
	at java.base/java.util.concurrent.ThreadPoolExecutor.runWorker(ThreadPoolExecutor.java:1136)
	at java.base/java.util.concurrent.ThreadPoolExecutor$Worker.run(ThreadPoolExecutor.java:635)
	at java.base/java.lang.Thread.run(Thread.java:840)
2026-08-31 01:09:32.035 [mytransitgps-continuous-collector] ERROR c.m.p.service.MulticityDatabaseTenMinuteRunner - 多城市采集运行锁冲突，lockName=multicity_continuous.lock
2026-08-31 01:09:32.036 [mytransitgps-continuous-collector] ERROR c.m.p.s.MulticityContinuousCollectionLifecycle - 无固定时长连续多城市采集Run失败，将在配置的延迟后重新启动，错误信息=Multicity DB test is already running: C:\Users\DELL\Desktop\MYTrafficDataHub_20260829\data_download\runtime\multicity_continuous.lock
java.lang.IllegalStateException: Multicity DB test is already running: C:\Users\DELL\Desktop\MYTrafficDataHub_20260829\data_download\runtime\multicity_continuous.lock
	at com.mytransitgps.persistence.service.MulticityDatabaseTenMinuteRunner.acquireLock(MulticityDatabaseTenMinuteRunner.java:562)
	at com.mytransitgps.persistence.service.MulticityDatabaseTenMinuteRunner.runContinuous(MulticityDatabaseTenMinuteRunner.java:112)
	at com.mytransitgps.persistence.service.MulticityContinuousCollectionLifecycle.runLoop(MulticityContinuousCollectionLifecycle.java:78)
	at java.base/java.util.concurrent.Executors$RunnableAdapter.call(Executors.java:539)
	at java.base/java.util.concurrent.FutureTask.run(FutureTask.java:264)
	at java.base/java.util.concurrent.ThreadPoolExecutor.runWorker(ThreadPoolExecutor.java:1136)
	at java.base/java.util.concurrent.ThreadPoolExecutor$Worker.run(ThreadPoolExecutor.java:635)
	at java.base/java.lang.Thread.run(Thread.java:840)
2026-08-31 01:10:02.051 [mytransitgps-continuous-collector] ERROR c.m.p.service.MulticityDatabaseTenMinuteRunner - 多城市采集运行锁冲突，lockName=multicity_continuous.lock
2026-08-31 01:10:02.051 [mytransitgps-continuous-collector] ERROR c.m.p.s.MulticityContinuousCollectionLifecycle - 无固定时长连续多城市采集Run失败，将在配置的延迟后重新启动，错误信息=Multicity DB test is already running: C:\Users\DELL\Desktop\MYTrafficDataHub_20260829\data_download\runtime\multicity_continuous.lock
java.lang.IllegalStateException: Multicity DB test is already running: C:\Users\DELL\Desktop\MYTrafficDataHub_20260829\data_download\runtime\multicity_continuous.lock
	at com.mytransitgps.persistence.service.MulticityDatabaseTenMinuteRunner.acquireLock(MulticityDatabaseTenMinuteRunner.java:562)
	at com.mytransitgps.persistence.service.MulticityDatabaseTenMinuteRunner.runContinuous(MulticityDatabaseTenMinuteRunner.java:112)
	at com.mytransitgps.persistence.service.MulticityContinuousCollectionLifecycle.runLoop(MulticityContinuousCollectionLifecycle.java:78)
	at java.base/java.util.concurrent.Executors$RunnableAdapter.call(Executors.java:539)
	at java.base/java.util.concurrent.FutureTask.run(FutureTask.java:264)
	at java.base/java.util.concurrent.ThreadPoolExecutor.runWorker(ThreadPoolExecutor.java:1136)
	at java.base/java.util.concurrent.ThreadPoolExecutor$Worker.run(ThreadPoolExecutor.java:635)
	at java.base/java.lang.Thread.run(Thread.java:840)
2026-08-31 01:15:55.423 [main] ERROR c.m.persistence.service.WorkspaceRootResolver - 配置的 MYTrafficDataHub 工作区无效，candidate=C:\Users\DELL\Desktop\Test\data_download
2026-08-31 01:15:55.441 [main] ERROR org.springframework.boot.SpringApplication - Application run failed
java.lang.IllegalStateException: Invalid TRAFFIC_WORKSPACE_ROOT: C:\Users\DELL\Desktop\Test\data_download
	at com.mytransitgps.persistence.service.WorkspaceRootResolver.requireWorkspace(WorkspaceRootResolver.java:94)
	at com.mytransitgps.persistence.service.WorkspaceRootResolver.resolveConfigured(WorkspaceRootResolver.java:69)
	at com.mytransitgps.persistence.service.WorkspaceRootResolver.resolve(WorkspaceRootResolver.java:31)
	at com.mytransitgps.gtfs.service.BusGpsLegacyStorageMigrator.migrateOnStartup(BusGpsLegacyStorageMigrator.java:63)
	at java.base/jdk.internal.reflect.NativeMethodAccessorImpl.invoke0(Native Method)
	at java.base/jdk.internal.reflect.NativeMethodAccessorImpl.invoke(NativeMethodAccessorImpl.java:77)
	at java.base/jdk.internal.reflect.DelegatingMethodAccessorImpl.invoke(DelegatingMethodAccessorImpl.java:43)
	at java.base/java.lang.reflect.Method.invoke(Method.java:569)
	at org.springframework.context.event.ApplicationListenerMethodAdapter.doInvoke(ApplicationListenerMethodAdapter.java:375)
	at org.springframework.context.event.ApplicationListenerMethodAdapter.processEvent(ApplicationListenerMethodAdapter.java:252)
	at org.springframework.context.event.ApplicationListenerMethodAdapter.onApplicationEvent(ApplicationListenerMethodAdapter.java:171)
	at org.springframework.context.event.SimpleApplicationEventMulticaster.doInvokeListener(SimpleApplicationEventMulticaster.java:180)
	at org.springframework.context.event.SimpleApplicationEventMulticaster.invokeListener(SimpleApplicationEventMulticaster.java:173)
	at org.springframework.context.event.SimpleApplicationEventMulticaster.multicastEvent(SimpleApplicationEventMulticaster.java:151)
	at org.springframework.context.support.AbstractApplicationContext.publishEvent(AbstractApplicationContext.java:448)
	at org.springframework.context.support.AbstractApplicationContext.publishEvent(AbstractApplicationContext.java:381)
	at org.springframework.boot.context.event.EventPublishingRunListener.ready(EventPublishingRunListener.java:110)
	at org.springframework.boot.SpringApplicationRunListeners.lambda$ready$0(SpringApplicationRunListeners.java:82)
	at java.base/java.lang.Iterable.forEach(Iterable.java:75)
	at org.springframework.boot.SpringApplicationRunListeners.doWithListeners(SpringApplicationRunListeners.java:123)
	at org.springframework.boot.SpringApplicationRunListeners.doWithListeners(SpringApplicationRunListeners.java:117)
	at org.springframework.boot.SpringApplicationRunListeners.ready(SpringApplicationRunListeners.java:82)
	at org.springframework.boot.SpringApplication.run(SpringApplication.java:335)
	at org.springframework.boot.SpringApplication.run(SpringApplication.java:1365)
	at org.springframework.boot.SpringApplication.run(SpringApplication.java:1354)
	at com.mytransitgps.MyTrafficDataHubApplication.main(MyTrafficDataHubApplication.java:33)
	at java.base/jdk.internal.reflect.NativeMethodAccessorImpl.invoke0(Native Method)
	at java.base/jdk.internal.reflect.NativeMethodAccessorImpl.invoke(NativeMethodAccessorImpl.java:77)
	at java.base/jdk.internal.reflect.DelegatingMethodAccessorImpl.invoke(DelegatingMethodAccessorImpl.java:43)
	at java.base/java.lang.reflect.Method.invoke(Method.java:569)
	at org.springframework.boot.loader.launch.Launcher.launch(Launcher.java:106)
	at org.springframework.boot.loader.launch.Launcher.launch(Launcher.java:64)
	at org.springframework.boot.loader.launch.JarLauncher.main(JarLauncher.java:40)
2026-08-31 16:06:43.649 [mytransitgps-continuous-collector] ERROR c.m.p.service.DatabaseConnectionService - PostgreSQL或PostGIS连接检查失败，exceptionClass=PSQLException，message=Connection to localhost:5432 refused. Check that the hostname and port are correct and that the postmaster is accepting TCP/IP connections.
org.postgresql.util.PSQLException: Connection to localhost:5432 refused. Check that the hostname and port are correct and that the postmaster is accepting TCP/IP connections.
	at org.postgresql.core.v3.ConnectionFactoryImpl.openConnectionImpl(ConnectionFactoryImpl.java:373)
	at org.postgresql.core.ConnectionFactory.openConnection(ConnectionFactory.java:57)
	at org.postgresql.jdbc.PgConnection.<init>(PgConnection.java:290)
	at org.postgresql.Driver.makeConnection(Driver.java:448)
	at org.postgresql.Driver.connect(Driver.java:298)
	at com.zaxxer.hikari.util.DriverDataSource.getConnection(DriverDataSource.java:144)
	at com.zaxxer.hikari.pool.PoolBase.newConnection(PoolBase.java:373)
	at com.zaxxer.hikari.pool.PoolBase.newPoolEntry(PoolBase.java:210)
	at com.zaxxer.hikari.pool.HikariPool.createPoolEntry(HikariPool.java:488)
	at com.zaxxer.hikari.pool.HikariPool.checkFailFast(HikariPool.java:576)
	at com.zaxxer.hikari.pool.HikariPool.<init>(HikariPool.java:97)
	at com.zaxxer.hikari.HikariDataSource.getConnection(HikariDataSource.java:111)
	at com.mytransitgps.persistence.service.DatabaseConnectionService.verify(DatabaseConnectionService.java:35)
	at com.mytransitgps.persistence.service.MulticityDatabaseTenMinuteRunner.runContinuous(MulticityDatabaseTenMinuteRunner.java:118)
	at com.mytransitgps.persistence.service.MulticityContinuousCollectionLifecycle.runLoop(MulticityContinuousCollectionLifecycle.java:78)
	at java.base/java.util.concurrent.Executors$RunnableAdapter.call(Executors.java:539)
	at java.base/java.util.concurrent.FutureTask.run(FutureTask.java:264)
	at java.base/java.util.concurrent.ThreadPoolExecutor.runWorker(ThreadPoolExecutor.java:1136)
	at java.base/java.util.concurrent.ThreadPoolExecutor$Worker.run(ThreadPoolExecutor.java:635)
	at java.base/java.lang.Thread.run(Thread.java:840)
Caused by: java.net.ConnectException: Connection refused: getsockopt
	at java.base/sun.nio.ch.Net.pollConnect(Native Method)
	at java.base/sun.nio.ch.Net.pollConnectNow(Net.java:672)
	at java.base/sun.nio.ch.NioSocketImpl.timedFinishConnect(NioSocketImpl.java:547)
	at java.base/sun.nio.ch.NioSocketImpl.connect(NioSocketImpl.java:602)
	at java.base/java.net.SocksSocketImpl.connect(SocksSocketImpl.java:327)
	at java.base/java.net.Socket.connect(Socket.java:633)
	at org.postgresql.core.PGStream.createSocket(PGStream.java:261)
	at org.postgresql.core.PGStream.<init>(PGStream.java:122)
	at org.postgresql.core.v3.ConnectionFactoryImpl.tryConnect(ConnectionFactoryImpl.java:146)
	at org.postgresql.core.v3.ConnectionFactoryImpl.openConnectionImpl(ConnectionFactoryImpl.java:289)
	... 19 common frames omitted
2026-08-31 16:06:43.653 [mytransitgps-continuous-collector] ERROR c.m.p.service.MulticityDatabaseTenMinuteRunner - 无固定时长多城市采集Run失败，runUid=null，错误信息=PostgreSQL connection validation failed.
java.lang.IllegalStateException: PostgreSQL connection validation failed.
	at com.mytransitgps.persistence.service.DatabaseConnectionService.verify(DatabaseConnectionService.java:68)
	at com.mytransitgps.persistence.service.MulticityDatabaseTenMinuteRunner.runContinuous(MulticityDatabaseTenMinuteRunner.java:118)
	at com.mytransitgps.persistence.service.MulticityContinuousCollectionLifecycle.runLoop(MulticityContinuousCollectionLifecycle.java:78)
	at java.base/java.util.concurrent.Executors$RunnableAdapter.call(Executors.java:539)
	at java.base/java.util.concurrent.FutureTask.run(FutureTask.java:264)
	at java.base/java.util.concurrent.ThreadPoolExecutor.runWorker(ThreadPoolExecutor.java:1136)
	at java.base/java.util.concurrent.ThreadPoolExecutor$Worker.run(ThreadPoolExecutor.java:635)
	at java.base/java.lang.Thread.run(Thread.java:840)
Caused by: org.postgresql.util.PSQLException: Connection to localhost:5432 refused. Check that the hostname and port are correct and that the postmaster is accepting TCP/IP connections.
	at org.postgresql.core.v3.ConnectionFactoryImpl.openConnectionImpl(ConnectionFactoryImpl.java:373)
	at org.postgresql.core.ConnectionFactory.openConnection(ConnectionFactory.java:57)
	at org.postgresql.jdbc.PgConnection.<init>(PgConnection.java:290)
	at org.postgresql.Driver.makeConnection(Driver.java:448)
	at org.postgresql.Driver.connect(Driver.java:298)
	at com.zaxxer.hikari.util.DriverDataSource.getConnection(DriverDataSource.java:144)
	at com.zaxxer.hikari.pool.PoolBase.newConnection(PoolBase.java:373)
	at com.zaxxer.hikari.pool.PoolBase.newPoolEntry(PoolBase.java:210)
	at com.zaxxer.hikari.pool.HikariPool.createPoolEntry(HikariPool.java:488)
	at com.zaxxer.hikari.pool.HikariPool.checkFailFast(HikariPool.java:576)
	at com.zaxxer.hikari.pool.HikariPool.<init>(HikariPool.java:97)
	at com.zaxxer.hikari.HikariDataSource.getConnection(HikariDataSource.java:111)
	at com.mytransitgps.persistence.service.DatabaseConnectionService.verify(DatabaseConnectionService.java:35)
	... 7 common frames omitted
Caused by: java.net.ConnectException: Connection refused: getsockopt
	at java.base/sun.nio.ch.Net.pollConnect(Native Method)
	at java.base/sun.nio.ch.Net.pollConnectNow(Net.java:672)
	at java.base/sun.nio.ch.NioSocketImpl.timedFinishConnect(NioSocketImpl.java:547)
	at java.base/sun.nio.ch.NioSocketImpl.connect(NioSocketImpl.java:602)
	at java.base/java.net.SocksSocketImpl.connect(SocksSocketImpl.java:327)
	at java.base/java.net.Socket.connect(Socket.java:633)
	at org.postgresql.core.PGStream.createSocket(PGStream.java:261)
	at org.postgresql.core.PGStream.<init>(PGStream.java:122)
	at org.postgresql.core.v3.ConnectionFactoryImpl.tryConnect(ConnectionFactoryImpl.java:146)
	at org.postgresql.core.v3.ConnectionFactoryImpl.openConnectionImpl(ConnectionFactoryImpl.java:289)
	... 19 common frames omitted
2026-08-31 16:06:43.654 [mytransitgps-continuous-collector] ERROR c.m.p.s.MulticityContinuousCollectionLifecycle - 无固定时长连续多城市采集Run失败，将在配置的延迟后重新启动，错误信息=PostgreSQL connection validation failed.
java.lang.IllegalStateException: PostgreSQL connection validation failed.
	at com.mytransitgps.persistence.service.DatabaseConnectionService.verify(DatabaseConnectionService.java:68)
	at com.mytransitgps.persistence.service.MulticityDatabaseTenMinuteRunner.runContinuous(MulticityDatabaseTenMinuteRunner.java:118)
	at com.mytransitgps.persistence.service.MulticityContinuousCollectionLifecycle.runLoop(MulticityContinuousCollectionLifecycle.java:78)
	at java.base/java.util.concurrent.Executors$RunnableAdapter.call(Executors.java:539)
	at java.base/java.util.concurrent.FutureTask.run(FutureTask.java:264)
	at java.base/java.util.concurrent.ThreadPoolExecutor.runWorker(ThreadPoolExecutor.java:1136)
	at java.base/java.util.concurrent.ThreadPoolExecutor$Worker.run(ThreadPoolExecutor.java:635)
	at java.base/java.lang.Thread.run(Thread.java:840)
Caused by: org.postgresql.util.PSQLException: Connection to localhost:5432 refused. Check that the hostname and port are correct and that the postmaster is accepting TCP/IP connections.
	at org.postgresql.core.v3.ConnectionFactoryImpl.openConnectionImpl(ConnectionFactoryImpl.java:373)
	at org.postgresql.core.ConnectionFactory.openConnection(ConnectionFactory.java:57)
	at org.postgresql.jdbc.PgConnection.<init>(PgConnection.java:290)
	at org.postgresql.Driver.makeConnection(Driver.java:448)
	at org.postgresql.Driver.connect(Driver.java:298)
	at com.zaxxer.hikari.util.DriverDataSource.getConnection(DriverDataSource.java:144)
	at com.zaxxer.hikari.pool.PoolBase.newConnection(PoolBase.java:373)
	at com.zaxxer.hikari.pool.PoolBase.newPoolEntry(PoolBase.java:210)
	at com.zaxxer.hikari.pool.HikariPool.createPoolEntry(HikariPool.java:488)
	at com.zaxxer.hikari.pool.HikariPool.checkFailFast(HikariPool.java:576)
	at com.zaxxer.hikari.pool.HikariPool.<init>(HikariPool.java:97)
	at com.zaxxer.hikari.HikariDataSource.getConnection(HikariDataSource.java:111)
	at com.mytransitgps.persistence.service.DatabaseConnectionService.verify(DatabaseConnectionService.java:35)
	... 7 common frames omitted
Caused by: java.net.ConnectException: Connection refused: getsockopt
	at java.base/sun.nio.ch.Net.pollConnect(Native Method)
	at java.base/sun.nio.ch.Net.pollConnectNow(Net.java:672)
	at java.base/sun.nio.ch.NioSocketImpl.timedFinishConnect(NioSocketImpl.java:547)
	at java.base/sun.nio.ch.NioSocketImpl.connect(NioSocketImpl.java:602)
	at java.base/java.net.SocksSocketImpl.connect(SocksSocketImpl.java:327)
	at java.base/java.net.Socket.connect(Socket.java:633)
	at org.postgresql.core.PGStream.createSocket(PGStream.java:261)
	at org.postgresql.core.PGStream.<init>(PGStream.java:122)
	at org.postgresql.core.v3.ConnectionFactoryImpl.tryConnect(ConnectionFactoryImpl.java:146)
	at org.postgresql.core.v3.ConnectionFactoryImpl.openConnectionImpl(ConnectionFactoryImpl.java:289)
	... 19 common frames omitted
