2026-08-30 15:34:44.244 [main] ERROR c.m.persistence.service.WorkspaceRootResolver - 配置的 MYTrafficDataHub 工作区无效，candidate=C:\MYTrafficDataHubData
2026-08-30 15:34:44.244 [mytransitgps-continuous-collector] ERROR c.m.persistence.service.WorkspaceRootResolver - 配置的 MYTrafficDataHub 工作区无效，candidate=C:\MYTrafficDataHubData
2026-08-30 15:34:44.244 [mytransitgps-continuous-collector] ERROR c.m.p.s.MulticityContinuousCollectionLifecycle - 无固定时长连续多城市采集Run失败，将在配置的延迟后重新启动，错误信息=Invalid TRAFFIC_WORKSPACE_ROOT: C:\MYTrafficDataHubData
java.lang.IllegalStateException: Invalid TRAFFIC_WORKSPACE_ROOT: C:\MYTrafficDataHubData
	at com.mytransitgps.persistence.service.WorkspaceRootResolver.requireWorkspace(WorkspaceRootResolver.java:49)
	at com.mytransitgps.persistence.service.WorkspaceRootResolver.resolve(WorkspaceRootResolver.java:31)
	at com.mytransitgps.persistence.service.MulticityContinuousCollectionLifecycle.runLoop(MulticityContinuousCollectionLifecycle.java:78)
	at java.base/java.util.concurrent.Executors$RunnableAdapter.call(Executors.java:539)
	at java.base/java.util.concurrent.FutureTask.run(FutureTask.java:264)
	at java.base/java.util.concurrent.ThreadPoolExecutor.runWorker(ThreadPoolExecutor.java:1136)
	at java.base/java.util.concurrent.ThreadPoolExecutor$Worker.run(ThreadPoolExecutor.java:635)
	at java.base/java.lang.Thread.run(Thread.java:840)
2026-08-30 15:34:44.257 [main] ERROR org.springframework.boot.SpringApplication - Application run failed
java.lang.IllegalStateException: Invalid TRAFFIC_WORKSPACE_ROOT: C:\MYTrafficDataHubData
	at com.mytransitgps.persistence.service.WorkspaceRootResolver.requireWorkspace(WorkspaceRootResolver.java:49)
	at com.mytransitgps.persistence.service.WorkspaceRootResolver.resolve(WorkspaceRootResolver.java:31)
	at com.mytransitgps.modules.ciq.storage.CiqJsonStorageService.ciqRoot(CiqJsonStorageService.java:93)
	at com.mytransitgps.modules.ciq.storage.CiqJsonStorageService.dailyRoot(CiqJsonStorageService.java:97)
	at com.mytransitgps.modules.ciq.storage.CiqJsonStorageService.ensureDailyLayout(CiqJsonStorageService.java:42)
	at com.mytransitgps.modules.ciq.storage.CiqDirectoryInitializer.ensureToday(CiqDirectoryInitializer.java:47)
	at com.mytransitgps.modules.ciq.storage.CiqDirectoryInitializer.onApplicationReady(CiqDirectoryInitializer.java:36)
	at java.base/jdk.internal.reflect.NativeMethodAccessorImpl.invoke0(Native Method)
	at java.base/jdk.internal.reflect.NativeMethodAccessorImpl.invoke(NativeMethodAccessorImpl.java:77)
	at java.base/jdk.internal.reflect.DelegatingMethodAccessorImpl.invoke(DelegatingMethodAccessorImpl.java:43)
	at java.base/java.lang.reflect.Method.invoke(Method.java:569)
	at org.springframework.context.event.ApplicationListenerMethodAdapter.doInvoke(ApplicationListenerMethodAdapter.java:375)
	at org.springframework.context.event.ApplicationListenerMethodAdapter.processEvent(ApplicationListenerMethodAdapter.java:252)
	at org.springframework.context.event.ApplicationListenerMethodAdapter.onApplicationEvent(ApplicationListenerMethodAdapter.java:171)
	at org.springframework.context.event.SimpleApplicationEventMulticaster.doInvokeListener(SimpleApplicationEventMulticaster.java:180)
	at org.springframework.context.event.SimpleApplicationEventMulticaster.invokeListener(SimpleApplicationEventMulticaster.java:173)
	at org.springframework.context.event.SimpleApplicationEventMulticaster.multicastEvent(SimpleApplicationEventMulticaster.java:151)
	at org.springframework.context.support.AbstractApplicationContext.publishEvent(AbstractApplicationContext.java:448)
	at org.springframework.context.support.AbstractApplicationContext.publishEvent(AbstractApplicationContext.java:381)
	at org.springframework.boot.context.event.EventPublishingRunListener.ready(EventPublishingRunListener.java:110)
	at org.springframework.boot.SpringApplicationRunListeners.lambda$ready$0(SpringApplicationRunListeners.java:82)
	at java.base/java.lang.Iterable.forEach(Iterable.java:75)
	at org.springframework.boot.SpringApplicationRunListeners.doWithListeners(SpringApplicationRunListeners.java:123)
	at org.springframework.boot.SpringApplicationRunListeners.doWithListeners(SpringApplicationRunListeners.java:117)
	at org.springframework.boot.SpringApplicationRunListeners.ready(SpringApplicationRunListeners.java:82)
	at org.springframework.boot.SpringApplication.run(SpringApplication.java:335)
	at org.springframework.boot.SpringApplication.run(SpringApplication.java:1365)
	at org.springframework.boot.SpringApplication.run(SpringApplication.java:1354)
	at com.mytransitgps.MyTrafficDataHubApplication.main(MyTrafficDataHubApplication.java:33)
